
     Program AVERAGE v.7.5 starts on 30Sep2026 at  4:52:20 

     This program is part of the open-source Quantum ESPRESSO suite
     for quantum simulation of materials; please cite
         "P. Giannozzi et al., J. Phys.:Condens. Matter 21 395502 (2009);
         "P. Giannozzi et al., J. Phys.:Condens. Matter 29 465901 (2017);
         "P. Giannozzi et al., J. Chem. Phys. 152 154105 (2020);
          URL http://www.quantum-espresso.org", 
     in publications or presentations arising from this work. More details at
     http://www.quantum-espresso.org/quote

     Parallel version (MPI & OpenMP), running on       1 processor cores
     Number of MPI processes:                 1
     Threads/MPI process:                     1

     MPI processes distributed on     1 nodes
     133587 MiB available memory on the printing compute node when the environment starts

     Reading header from file  slab1r_final_cpu_v.pp
     Reading data from file  slab1r_final_cpu_v.pp
     Output written to file avg.dat

     AVERAGE      :      4.68s CPU      4.78s WALL


   This run was terminated on:   4:52:24  30Sep2026            

=------------------------------------------------------------------------------=
   JOB DONE.
=------------------------------------------------------------------------------=
