\BOOKMARK [0][-]{chapter*.1}{\376\377\000A\000b\000s\000t\000r\000a\000c\000t}{}% 1
\BOOKMARK [0][-]{chapter*.5}{\376\377\000N\000o\000m\000e\000n\000c\000l\000a\000t\000u\000r\000e}{}% 2
\BOOKMARK [0][-]{chapter.1}{\376\377\000I\000n\000t\000r\000o\000d\000u\000c\000t\000i\000o\000n}{}% 3
\BOOKMARK [1][-]{section.1.1}{\376\377\000U\000l\000t\000r\000a\000t\000h\000i\000n\000\040\000o\000x\000i\000d\000e\000-\000s\000e\000m\000i\000c\000o\000n\000d\000u\000c\000t\000o\000r\000\040\000c\000h\000a\000n\000n\000e\000l\000s\000\040\000a\000n\000d\000\040\000t\000h\000e\000\040\000I\000W\000O\000\040\000s\000y\000s\000t\000e\000m}{chapter.1}% 4
\BOOKMARK [1][-]{section.1.2}{\376\377\000T\000h\000e\000\040\000m\000e\000a\000s\000u\000r\000e\000d\000\040\000t\000h\000i\000c\000k\000n\000e\000s\000s\000\040\000d\000e\000p\000e\000n\000d\000e\000n\000c\000e}{chapter.1}% 5
\BOOKMARK [1][-]{section.1.3}{\376\377\000R\000e\000s\000e\000a\000r\000c\000h\000\040\000q\000u\000e\000s\000t\000i\000o\000n}{chapter.1}% 6
\BOOKMARK [1][-]{section.1.4}{\376\377\000C\000o\000m\000p\000e\000t\000i\000n\000g\000\040\000e\000x\000p\000l\000a\000n\000a\000t\000i\000o\000n\000s}{chapter.1}% 7
\BOOKMARK [1][-]{section.1.5}{\376\377\000I\000n\000t\000e\000g\000r\000i\000t\000y\000\040\000r\000u\000l\000e\000s\000\040\000o\000f\000\040\000t\000h\000e\000\040\000s\000t\000u\000d\000y}{chapter.1}% 8
\BOOKMARK [1][-]{section.1.6}{\376\377\000M\000e\000t\000h\000o\000d\000o\000l\000o\000g\000y}{chapter.1}% 9
\BOOKMARK [1][-]{section.1.7}{\376\377\000W\000h\000a\000t\000\040\000i\000s\000\040\000n\000e\000w\000\040\000r\000e\000l\000a\000t\000i\000v\000e\000\040\000t\000o\000\040\000t\000h\000e\000\040\000e\000a\000r\000l\000i\000e\000r\000\040\000r\000e\000p\000o\000r\000t\000s}{chapter.1}% 10
\BOOKMARK [1][-]{section.1.8}{\376\377\000S\000t\000r\000u\000c\000t\000u\000r\000e\000\040\000o\000f\000\040\000t\000h\000e\000\040\000r\000e\000p\000o\000r\000t}{chapter.1}% 11
\BOOKMARK [0][-]{chapter.2}{\376\377\000L\000i\000t\000e\000r\000a\000t\000u\000r\000e\000\040\000b\000a\000s\000i\000s\000\040\000o\000f\000\040\000t\000h\000e\000\040\000T\000C\000A\000D\000\040\000m\000o\000d\000e\000l}{}% 12
\BOOKMARK [1][-]{section.2.1}{\376\377\000C\000i\000t\000a\000t\000i\000o\000n\000\040\000a\000n\000d\000\040\000p\000a\000g\000e\000\040\000c\000o\000n\000v\000e\000n\000t\000i\000o\000n\000s}{chapter.2}% 13
\BOOKMARK [1][-]{section.2.2}{\376\377\000J\000a\000n\000u\000a\000r\000\040\000e\000t\000\040\000a\000l\000.\000\040\0002\0000\0002\0006\000:\000\040\000t\000h\000e\000\040\000t\000a\000r\000g\000e\000t\000\040\000d\000e\000v\000i\000c\000e\000\040\000a\000n\000d\000\040\000i\000t\000s\000\040\000a\000n\000a\000l\000y\000t\000i\000c\000\040\000f\000r\000a\000m\000e\000w\000o\000r\000k}{chapter.2}% 14
\BOOKMARK [1][-]{section.2.3}{\376\377\000S\000i\000\040\000e\000t\000\040\000a\000l\000.\000\040\000\050\0002\0000\0002\0001\000\051\000:\000\040\000w\000h\000y\000\040\000I\000n\0002\000O\0003\000\040\000c\000a\000n\000\040\000m\000a\000k\000e\000\040\0000\000.\0007\000\040\000n\000m\000\040\000t\000r\000a\000n\000s\000i\000s\000t\000o\000r\000s}{chapter.2}% 15
\BOOKMARK [1][-]{section.2.4}{\376\377\000L\000i\000n\000\040\000e\000t\000\040\000a\000l\000.\000\040\000\050\0002\0000\0002\0002\000\051\000:\000\040\000n\000a\000n\000o\000m\000e\000t\000r\000e\000-\000t\000h\000i\000c\000k\000\040\000I\000n\0002\000O\0003\000\040\000w\000i\000t\000h\000\040\000u\000l\000t\000r\000a\000-\000h\000i\000g\000h\000\040\000d\000r\000a\000i\000n\000\040\000c\000u\000r\000r\000e\000n\000t}{chapter.2}% 16
\BOOKMARK [1][-]{section.2.5}{\376\377\000S\000i\000\040\000e\000t\000\040\000a\000l\000.\000\040\000\050\0002\0000\0002\0002\000\051\000:\000\040\000s\000c\000a\000l\000e\000d\000\040\000A\000L\000D\000\040\000I\000n\0002\000O\0003\000\040\000t\000r\000a\000n\000s\000i\000s\000t\000o\000r\000s}{chapter.2}% 17
\BOOKMARK [1][-]{section.2.6}{\376\377\000W\000a\000n\000g\000\040\000e\000t\000\040\000a\000l\000.\000\040\000\050\0002\0000\0002\0002\000\051\000:\000\040\000i\000n\000t\000e\000r\000f\000a\000c\000e\000\040\000a\000n\000d\000\040\000b\000u\000l\000k\000\040\000t\000r\000a\000p\000s\000\040\000i\000n\000\040\000H\000f\000O\0002\000/\000I\000n\0002\000O\0003\000\040\000M\000O\000S\000\040\000c\000a\000p\000a\000c\000i\000t\000o\000r\000s}{chapter.2}% 18
\BOOKMARK [1][-]{section.2.7}{\376\377\000K\000i\000m\000\040\000e\000t\000\040\000a\000l\000.\000\040\000\050\0002\0000\0002\0004\000\051\000:\000\040\000t\000h\000i\000c\000k\000n\000e\000s\000s\000-\000d\000e\000p\000e\000n\000d\000e\000n\000t\000\040\000s\000t\000a\000b\000i\000l\000i\000t\000y\000\040\000o\000f\000\040\000I\000W\000O\000\040\000t\000r\000a\000n\000s\000i\000s\000t\000o\000r\000s}{chapter.2}% 19
\BOOKMARK [1][-]{section.2.8}{\376\377\000C\000r\000o\000s\000s\000-\000s\000o\000u\000r\000c\000e\000\040\000c\000o\000m\000p\000a\000r\000i\000s\000o\000n\000\040\000o\000f\000\040\000t\000h\000e\000\040\000I\000n\0002\000O\0003\000\040\000a\000n\000d\000\040\000I\000W\000O\000\040\000l\000i\000t\000e\000r\000a\000t\000u\000r\000e\000\040\000p\000a\000r\000a\000m\000e\000t\000e\000r\000s}{chapter.2}% 20
\BOOKMARK [1][-]{section.2.9}{\376\377\000S\000t\000o\000k\000e\000y\000\040\000e\000t\000\040\000a\000l\000.\000\040\000\050\0002\0000\0002\0001\000\051\000:\000\040\000d\000i\000e\000l\000e\000c\000t\000r\000i\000c\000\040\000c\000o\000n\000s\000t\000a\000n\000t\000s\000\040\000a\000n\000d\000\040\000e\000f\000f\000e\000c\000t\000i\000v\000e\000\040\000m\000a\000s\000s\000\040\000o\000f\000\040\000c\000u\000b\000i\000c\000\040\000I\000n\0002\000O\0003}{chapter.2}% 21
\BOOKMARK [1][-]{section.2.10}{\376\377\000P\000a\000n\000d\000e\000y\000\040\000e\000t\000\040\000a\000l\000.\000\040\000\050\0002\0000\0002\0005\000\051\000:\000\040\000a\000n\000a\000l\000y\000t\000i\000c\000a\000l\000\040\000s\000h\000o\000r\000t\000-\000c\000h\000a\000n\000n\000e\000l\000\040\000m\000o\000d\000e\000l\000\040\000o\000f\000\040\000B\000E\000O\000L\000\040\000o\000x\000i\000d\000e\000\040\000T\000F\000T\000s}{chapter.2}% 22
\BOOKMARK [1][-]{section.2.11}{\376\377\000W\000a\000n\000g\000\040\000X\000.\000\040\000e\000t\000\040\000a\000l\000.\000\040\000\050\0002\0000\0002\0005\000\051\000:\000\040\000p\000h\000y\000s\000i\000c\000s\000-\000b\000a\000s\000e\000d\000\040\000c\000o\000m\000p\000a\000c\000t\000\040\000m\000o\000d\000e\000l\000\040\000o\000f\000\040\000I\000G\000Z\000O\000\040\000F\000E\000T\000s}{chapter.2}% 23
\BOOKMARK [1][-]{section.2.12}{\376\377\000A\000n\000u\000s\000h\000a\000\040\000a\000n\000d\000\040\000D\000w\000i\000v\000e\000d\000i\000\040\000\050\0002\0000\0002\0004\000\051\000:\000\040\000r\000e\000v\000i\000e\000w\000\040\000o\000f\000\040\000T\000C\000A\000D\000\040\000a\000n\000d\000\040\000c\000o\000m\000p\000a\000c\000t\000\040\000m\000o\000d\000e\000l\000l\000i\000n\000g\000\040\000o\000f\000\040\000I\000G\000Z\000O\000\040\000T\000F\000T\000s}{chapter.2}% 24
\BOOKMARK [1][-]{section.2.13}{\376\377\000G\000i\000a\000n\000n\000o\000z\000z\000i\000\040\000e\000t\000\040\000a\000l\000.\000\040\000\050\0002\0000\0000\0009\000\051\000:\000\040\000Q\000u\000a\000n\000t\000u\000m\000\040\000E\000S\000P\000R\000E\000S\000S\000O\000\040\000a\000n\000d\000\040\000t\000h\000e\000\040\000u\000n\000e\000x\000e\000c\000u\000t\000e\000d\000\040\000D\000F\000T\000\040\000w\000o\000r\000k\000f\000l\000o\000w}{chapter.2}% 25
\BOOKMARK [1][-]{section.2.14}{\376\377\000S\000e\000c\000o\000n\000d\000a\000r\000y\000\040\000s\000o\000u\000r\000c\000e\000s\000\040\000t\000h\000a\000t\000\040\000a\000r\000e\000\040\000n\000o\000t\000\040\000b\000u\000n\000d\000l\000e\000d\000\040\000l\000o\000c\000a\000l\000l\000y}{chapter.2}% 26
\BOOKMARK [1][-]{section.2.15}{\376\377\000T\000h\000e\000\040\000S\000i\000l\000v\000a\000c\000o\000\040\000A\000T\000L\000A\000S\000\040\0005\000.\0002\0008\000.\0001\000.\000R\000\040\000u\000s\000e\000r\000\040\000m\000a\000n\000u\000a\000l\000:\000\040\000e\000v\000e\000r\000y\000\040\000s\000t\000a\000t\000e\000m\000e\000n\000t\000\040\000u\000s\000e\000d\000\040\000b\000y\000\040\000t\000h\000e\000\040\000d\000e\000c\000k\000s}{chapter.2}% 27
\BOOKMARK [1][-]{section.2.16}{\376\377\000M\000a\000s\000t\000e\000r\000\040\000p\000r\000o\000v\000e\000n\000a\000n\000c\000e\000\040\000t\000a\000b\000l\000e}{chapter.2}% 28
\BOOKMARK [0][-]{chapter.3}{\376\377\000D\000e\000v\000i\000c\000e\000,\000\040\000m\000e\000a\000s\000u\000r\000e\000d\000\040\000d\000a\000t\000a\000\040\000a\000n\000d\000\040\000i\000n\000p\000u\000t\000s}{}% 29
\BOOKMARK [1][-]{section.3.1}{\376\377\000D\000e\000v\000i\000c\000e\000\040\000a\000n\000d\000\040\000p\000r\000o\000c\000e\000s\000s}{chapter.3}% 30
\BOOKMARK [1][-]{section.3.2}{\376\377\000G\000e\000o\000m\000e\000t\000r\000y\000\040\000a\000n\000d\000\040\000t\000h\000e\000\040\000s\000i\000m\000u\000l\000a\000t\000e\000d\000\040\000s\000t\000r\000u\000c\000t\000u\000r\000e}{chapter.3}% 31
\BOOKMARK [1][-]{section.3.3}{\376\377\000T\000h\000e\000\040\000m\000e\000a\000s\000u\000r\000e\000d\000\040\000d\000a\000t\000a}{chapter.3}% 32
\BOOKMARK [1][-]{section.3.4}{\376\377\000M\000e\000a\000s\000u\000r\000e\000d\000\040\000m\000e\000t\000r\000i\000c\000s}{chapter.3}% 33
\BOOKMARK [1][-]{section.3.5}{\376\377\000D\000a\000t\000a\000\040\000l\000i\000m\000i\000t\000a\000t\000i\000o\000n\000s\000\040\000a\000n\000d\000\040\000t\000h\000e\000i\000r\000\040\000c\000o\000n\000s\000e\000q\000u\000e\000n\000c\000e\000s}{chapter.3}% 34
\BOOKMARK [0][-]{chapter.4}{\376\377\000P\000h\000y\000s\000i\000c\000a\000l\000\040\000m\000o\000d\000e\000l\000\040\000I\000:\000\040\000e\000l\000e\000c\000t\000r\000o\000s\000t\000a\000t\000i\000c\000s\000,\000\040\000b\000a\000n\000d\000\040\000s\000t\000r\000u\000c\000t\000u\000r\000e\000,\000\040\000d\000e\000n\000s\000i\000t\000y\000\040\000o\000f\000\040\000s\000t\000a\000t\000e\000s\000\040\000a\000n\000d\000\040\000c\000h\000a\000r\000g\000e\000s}{}% 35
\BOOKMARK [1][-]{section.4.1}{\376\377\000G\000a\000t\000e\000\040\000s\000t\000a\000c\000k\000:\000\040\000t\000h\000i\000c\000k\000n\000e\000s\000s\000e\000s\000,\000\040\000p\000e\000r\000m\000i\000t\000t\000i\000v\000i\000t\000i\000e\000s\000,\000\040\000o\000x\000i\000d\000e\000\040\000c\000a\000p\000a\000c\000i\000t\000a\000n\000c\000e\000\040\000a\000n\000d\000\040\000E\000O\000T}{chapter.4}% 36
\BOOKMARK [1][-]{section.4.2}{\376\377\000R\000e\000l\000a\000t\000i\000v\000e\000\040\000p\000e\000r\000m\000i\000t\000t\000i\000v\000i\000t\000y\000\040\000o\000f\000\040\000t\000h\000e\000\040\000I\000W\000O\000\040\000c\000h\000a\000n\000n\000e\000l}{chapter.4}% 37
\BOOKMARK [1][-]{section.4.3}{\376\377\000B\000a\000n\000d\000\040\000g\000a\000p}{chapter.4}% 38
\BOOKMARK [1][-]{section.4.4}{\376\377\000E\000l\000e\000c\000t\000r\000o\000n\000\040\000a\000f\000f\000i\000n\000i\000t\000y}{chapter.4}% 39
\BOOKMARK [1][-]{section.4.5}{\376\377\000C\000o\000n\000f\000i\000n\000e\000m\000e\000n\000t\000\040\000s\000h\000i\000f\000t\000\040\000o\000f\000\040\000t\000h\000e\000\040\000c\000o\000n\000d\000u\000c\000t\000i\000o\000n\000-\000b\000a\000n\000d\000\040\000e\000d\000g\000e\000:\000\040\000t\000h\000e\000\040\000t\000h\000i\000c\000k\000n\000e\000s\000s\000\040\000l\000a\000w}{chapter.4}% 40
\BOOKMARK [1][-]{section.4.6}{\376\377\000D\000e\000r\000i\000v\000a\000t\000i\000o\000n\000\040\000o\000f\000\040\000t\000h\000e\000\040\000c\000o\000n\000f\000i\000n\000e\000m\000e\000n\000t\000\040\000s\000h\000i\000f\000t}{chapter.4}% 41
\BOOKMARK [1][-]{section.4.7}{\376\377\000C\000o\000n\000d\000u\000c\000t\000i\000o\000n\000-\000b\000a\000n\000d\000\040\000e\000f\000f\000e\000c\000t\000i\000v\000e\000\040\000m\000a\000s\000s}{chapter.4}% 42
\BOOKMARK [1][-]{section.4.8}{\376\377\000E\000f\000f\000e\000c\000t\000i\000v\000e\000\040\000d\000e\000n\000s\000i\000t\000y\000\040\000o\000f\000\040\000s\000t\000a\000t\000e\000s\000\040\000o\000f\000\040\000t\000h\000e\000\040\000c\000o\000n\000d\000u\000c\000t\000i\000o\000n\000\040\000b\000a\000n\000d}{chapter.4}% 43
\BOOKMARK [1][-]{section.4.9}{\376\377\000E\000f\000f\000e\000c\000t\000i\000v\000e\000\040\000d\000e\000n\000s\000i\000t\000y\000\040\000o\000f\000\040\000s\000t\000a\000t\000e\000s\000\040\000o\000f\000\040\000t\000h\000e\000\040\000v\000a\000l\000e\000n\000c\000e\000\040\000b\000a\000n\000d}{chapter.4}% 44
\BOOKMARK [1][-]{section.4.10}{\376\377\000A\000c\000c\000e\000p\000t\000o\000r\000-\000l\000i\000k\000e\000\040\000b\000a\000n\000d\000-\000t\000a\000i\000l\000\040\000s\000t\000a\000t\000e\000s}{chapter.4}% 45
\BOOKMARK [1][-]{section.4.11}{\376\377\000D\000e\000e\000p\000\040\000a\000c\000c\000e\000p\000t\000o\000r\000\040\000G\000a\000u\000s\000s\000i\000a\000n}{chapter.4}% 46
\BOOKMARK [1][-]{section.4.12}{\376\377\000F\000r\000o\000n\000t\000\040\000i\000n\000t\000e\000r\000f\000a\000c\000e\000\040\000a\000c\000c\000e\000p\000t\000o\000r\000\040\000s\000h\000e\000e\000t\000\040\000a\000n\000d\000\040\000i\000t\000s\000\040\000r\000e\000g\000u\000l\000a\000r\000i\000s\000a\000t\000i\000o\000n}{chapter.4}% 47
\BOOKMARK [1][-]{section.4.13}{\376\377\000F\000i\000x\000e\000d\000\040\000i\000n\000t\000e\000r\000f\000a\000c\000e\000\040\000c\000h\000a\000r\000g\000e}{chapter.4}% 48
\BOOKMARK [1][-]{section.4.14}{\376\377\000E\000f\000f\000e\000c\000t\000i\000v\000e\000\040\000d\000o\000n\000o\000r\000\040\000d\000e\000n\000s\000i\000t\000y}{chapter.4}% 49
\BOOKMARK [1][-]{section.4.15}{\376\377\000B\000a\000c\000k\000-\000s\000u\000r\000f\000a\000c\000e\000\040\000c\000h\000a\000r\000g\000e\000\040\000a\000n\000d\000\040\000i\000t\000s\000\040\000l\000e\000v\000e\000r\000\040\000a\000r\000m}{chapter.4}% 50
\BOOKMARK [1][-]{section.4.16}{\376\377\000G\000a\000t\000e\000\040\000w\000o\000r\000k\000\040\000f\000u\000n\000c\000t\000i\000o\000n}{chapter.4}% 51
\BOOKMARK [1][-]{section.4.17}{\376\377\000C\000a\000p\000t\000u\000r\000e\000\040\000c\000r\000o\000s\000s\000\040\000s\000e\000c\000t\000i\000o\000n\000s\000\040\000a\000n\000d\000\040\000r\000e\000c\000o\000m\000b\000i\000n\000a\000t\000i\000o\000n\000\040\000l\000i\000f\000e\000t\000i\000m\000e\000s}{chapter.4}% 52
\BOOKMARK [1][-]{section.4.18}{\376\377\000T\000h\000r\000e\000s\000h\000o\000l\000d\000\040\000c\000h\000a\000r\000g\000e\000\040\000b\000u\000d\000g\000e\000t}{chapter.4}% 53
\BOOKMARK [1][-]{section.4.19}{\376\377\000S\000u\000b\000t\000h\000r\000e\000s\000h\000o\000l\000d\000\040\000s\000l\000o\000p\000e\000\040\000r\000e\000l\000a\000t\000i\000o\000n\000s\000\040\000a\000n\000d\000\040\000t\000r\000a\000p\000-\000D\000O\000S\000\040\000i\000n\000v\000e\000r\000s\000i\000o\000n}{chapter.4}% 54
\BOOKMARK [1][-]{section.4.20}{\376\377\000D\000e\000b\000y\000e\000\040\000l\000e\000n\000g\000t\000h\000,\000\040\000d\000e\000p\000l\000e\000t\000i\000o\000n\000\040\000w\000i\000d\000t\000h\000\040\000a\000n\000d\000\040\000f\000u\000l\000l\000\040\000d\000e\000p\000l\000e\000t\000i\000o\000n}{chapter.4}% 55
\BOOKMARK [1][-]{section.4.21}{\376\377\000S\000u\000m\000m\000a\000r\000y}{chapter.4}% 56
\BOOKMARK [0][-]{chapter.5}{\376\377\000P\000h\000y\000s\000i\000c\000a\000l\000\040\000m\000o\000d\000e\000l\000\040\000I\000I\000:\000\040\000t\000r\000a\000n\000s\000p\000o\000r\000t\000,\000\040\000e\000x\000t\000r\000a\000c\000t\000i\000o\000n\000,\000\040\000c\000o\000n\000t\000a\000c\000t\000s\000,\000\040\000t\000e\000m\000p\000e\000r\000a\000t\000u\000r\000e\000\040\000a\000n\000d\000\040\000n\000u\000m\000e\000r\000i\000c\000a\000l\000\040\000d\000i\000s\000c\000r\000e\000t\000i\000z\000a\000t\000i\000o\000n}{}% 57
\BOOKMARK [1][-]{section.5.1}{\376\377\000B\000a\000n\000d\000\040\000m\000o\000b\000i\000l\000i\000t\000y\000\040\000p\000e\000r\000\040\000f\000i\000l\000m\000,\000\040\000m\000u\000\137\000b\000a\000n\000d\000\050\000t\000\051}{chapter.5}% 58
\BOOKMARK [1][-]{section.5.2}{\376\377\000R\000o\000u\000g\000h\000n\000e\000s\000s\000\040\000f\000a\000c\000t\000o\000r\000\040\000a\000n\000d\000\040\000D\000e\000l\000t\000a\000\137\000s\000r}{chapter.5}% 59
\BOOKMARK [1][-]{section.5.3}{\376\377\000T\000r\000a\000p\000-\000l\000i\000m\000i\000t\000e\000d\000\040\000c\000o\000n\000d\000u\000c\000t\000i\000o\000n\000:\000\040\000t\000h\000e\000\040\000f\000r\000e\000e\000/\000t\000r\000a\000p\000p\000e\000d\000\040\000p\000a\000r\000t\000i\000t\000i\000o\000n}{chapter.5}% 60
\BOOKMARK [1][-]{section.5.4}{\376\377\000D\000r\000a\000i\000n\000\040\000c\000u\000r\000r\000e\000n\000t\000\040\000i\000s\000\040\000l\000i\000n\000e\000a\000r\000\040\000i\000n\000\040\000a\000\040\000u\000n\000i\000f\000o\000r\000m\000\040\000c\000o\000n\000s\000t\000a\000n\000t\000\040\000m\000o\000b\000i\000l\000i\000t\000y}{chapter.5}% 61
\BOOKMARK [1][-]{section.5.5}{\376\377\000F\000i\000e\000l\000d\000-\000e\000f\000f\000e\000c\000t\000\040\000m\000o\000b\000i\000l\000i\000t\000y\000:\000\040\000l\000i\000n\000e\000a\000r\000\040\000e\000s\000t\000i\000m\000a\000t\000o\000r\000\040\000v\000e\000r\000s\000u\000s\000\040\000t\000h\000e\000\040\000s\000a\000t\000u\000r\000a\000t\000i\000o\000n\000\040\000f\000o\000r\000m\000u\000l\000a}{chapter.5}% 62
\BOOKMARK [1][-]{section.5.6}{\376\377\000S\000o\000u\000r\000c\000e\000/\000d\000r\000a\000i\000n\000\040\000c\000o\000n\000t\000a\000c\000t\000s\000,\000\040\000o\000v\000e\000r\000l\000a\000p\000\040\000a\000n\000d\000\040\000s\000e\000r\000i\000e\000s\000\040\000r\000e\000s\000i\000s\000t\000a\000n\000c\000e}{chapter.5}% 63
\BOOKMARK [1][-]{section.5.7}{\376\377\000Y\000-\000f\000u\000n\000c\000t\000i\000o\000n\000\040\000a\000n\000d\000\040\000H\000-\000f\000u\000n\000c\000t\000i\000o\000n\000\040\000a\000n\000a\000l\000y\000s\000i\000s}{chapter.5}% 64
\BOOKMARK [1][-]{section.5.8}{\376\377\000T\000e\000m\000p\000e\000r\000a\000t\000u\000r\000e\000:\000\040\000T\000,\000\040\000t\000m\000u\000\040\000=\000\040\0001\000.\0005\000,\000\040\000N\000c\000\050\000T\000\051\000\040\000a\000n\000d\000\040\000t\000h\000e\000\040\000b\000a\000n\000d\000\040\000g\000a\000p}{chapter.5}% 65
\BOOKMARK [1][-]{section.5.9}{\376\377\000A\000c\000t\000i\000v\000a\000t\000i\000o\000n\000\040\000e\000n\000e\000r\000g\000y\000\040\000i\000n\000\040\000t\000h\000e\000\040\000m\000u\000l\000t\000i\000p\000l\000e\000-\000t\000r\000a\000p\000p\000i\000n\000g\000\040\000m\000o\000d\000e\000l}{chapter.5}% 66
\BOOKMARK [1][-]{section.5.10}{\376\377\000E\000x\000t\000r\000a\000c\000t\000i\000o\000n\000\040\000o\000f\000\040\000t\000h\000e\000\040\000d\000e\000v\000i\000c\000e\000\040\000m\000e\000t\000r\000i\000c\000s}{chapter.5}% 67
\BOOKMARK [1][-]{section.5.11}{\376\377\000D\000i\000s\000c\000r\000e\000t\000i\000z\000a\000t\000i\000o\000n\000\040\000o\000f\000\040\000t\000h\000e\000\040\000t\000r\000a\000p\000\040\000d\000e\000n\000s\000i\000t\000y\000\040\000o\000f\000\040\000s\000t\000a\000t\000e\000s\000\040\000\050\000N\000U\000M\000A\000/\000N\000U\000M\000D\000\051}{chapter.5}% 68
\BOOKMARK [1][-]{section.5.12}{\376\377\000I\000d\000e\000n\000t\000i\000f\000i\000a\000b\000i\000l\000i\000t\000y\000\040\000o\000f\000\040\000t\000h\000i\000c\000k\000n\000e\000s\000s\000\040\000p\000o\000w\000e\000r\000\040\000l\000a\000w\000s\000;\000\040\000l\000e\000a\000v\000e\000-\000o\000n\000e\000-\000o\000u\000t\000\040\000t\000e\000s\000t\000s}{chapter.5}% 69
\BOOKMARK [0][-]{chapter.6}{\376\377\000N\000u\000m\000e\000r\000i\000c\000a\000l\000\040\000i\000m\000p\000l\000e\000m\000e\000n\000t\000a\000t\000i\000o\000n\000\040\000i\000n\000\040\000S\000i\000l\000v\000a\000c\000o\000\040\000A\000T\000L\000A\000S}{}% 70
\BOOKMARK [1][-]{section.6.1}{\376\377\000A\000n\000a\000t\000o\000m\000y\000\040\000o\000f\000\040\000a\000\040\000f\000i\000n\000a\000l\000\040\000d\000e\000c\000k}{chapter.6}% 71
\BOOKMARK [2][-]{subsection.6.1.1}{\376\377\000P\000r\000o\000v\000e\000n\000a\000n\000c\000e\000\040\000h\000e\000a\000d\000e\000r\000\040\000\050\000l\000i\000n\000e\000s\000\040\0001\040\023\0003\0001\000\051}{section.6.1}% 72
\BOOKMARK [2][-]{subsection.6.1.2}{\376\377\000M\000e\000s\000h\000\040\000\050\000l\000i\000n\000e\000s\000\040\0003\0002\040\023\0005\0002\000\051}{section.6.1}% 73
\BOOKMARK [2][-]{subsection.6.1.3}{\376\377\000R\000e\000g\000i\000o\000n\000s\000\040\000a\000n\000d\000\040\000e\000l\000e\000c\000t\000r\000o\000d\000e\000s\000\040\000\050\000l\000i\000n\000e\000s\000\040\0005\0003\040\023\0006\0005\000\051}{section.6.1}% 74
\BOOKMARK [2][-]{subsection.6.1.4}{\376\377\000B\000a\000c\000k\000g\000r\000o\000u\000n\000d\000\040\000d\000o\000n\000o\000r\000s\000\040\000\050\000l\000i\000n\000e\000s\000\040\0006\0006\040\023\0006\0007\000\051}{section.6.1}% 75
\BOOKMARK [2][-]{subsection.6.1.5}{\376\377\000M\000a\000t\000e\000r\000i\000a\000l\000\040\000p\000a\000r\000a\000m\000e\000t\000e\000r\000s\000\040\000\050\000l\000i\000n\000e\000s\000\040\0006\0008\040\023\0007\0008\000\051}{section.6.1}% 76
\BOOKMARK [2][-]{subsection.6.1.6}{\376\377\000P\000h\000y\000s\000i\000c\000a\000l\000\040\000m\000o\000d\000e\000l\000s\000\040\000\050\000l\000i\000n\000e\000\040\0007\0009\000\051}{section.6.1}% 77
\BOOKMARK [2][-]{subsection.6.1.7}{\376\377\000D\000e\000f\000e\000c\000t\000\040\000D\000O\000S\000\040\000\050\000l\000i\000n\000e\000s\000\040\0008\0000\040\023\0009\0007\000\051}{section.6.1}% 78
\BOOKMARK [2][-]{subsection.6.1.8}{\376\377\000F\000i\000x\000e\000d\000\040\000i\000n\000t\000e\000r\000f\000a\000c\000e\000\040\000c\000h\000a\000r\000g\000e\000\040\000\050\000l\000i\000n\000e\000\040\0009\0008\000\051}{section.6.1}% 79
\BOOKMARK [2][-]{subsection.6.1.9}{\376\377\000N\000u\000m\000e\000r\000i\000c\000a\000l\000\040\000m\000e\000t\000h\000o\000d\000\040\000\050\000l\000i\000n\000e\000s\000\040\0009\0009\040\023\0001\0000\0001\000\040\000a\000n\000d\000\040\0001\0001\0007\040\023\0001\0001\0009\000\051}{section.6.1}% 80
\BOOKMARK [2][-]{subsection.6.1.10}{\376\377\000O\000u\000t\000p\000u\000t\000s\000\040\000a\000n\000d\000\040\000p\000r\000o\000b\000e\000s\000\040\000\050\000l\000i\000n\000e\000s\000\040\0001\0000\0002\040\023\0001\0000\0006\000\051}{section.6.1}% 81
\BOOKMARK [2][-]{subsection.6.1.11}{\376\377\000I\000n\000i\000t\000i\000a\000l\000\040\000s\000o\000l\000u\000t\000i\000o\000n\000\040\000a\000n\000d\000\040\000b\000i\000a\000s\000\040\000r\000a\000m\000p\000\040\000\050\000l\000i\000n\000e\000s\000\040\0001\0000\0007\040\023\0001\0001\0001\000\051}{section.6.1}% 82
\BOOKMARK [2][-]{subsection.6.1.12}{\376\377\000L\000o\000g\000g\000e\000d\000\040\000t\000r\000a\000n\000s\000f\000e\000r\000\040\000s\000w\000e\000e\000p\000\040\000\050\000l\000i\000n\000e\000s\000\040\0001\0001\0002\040\023\0001\0002\0003\000\051}{section.6.1}% 83
\BOOKMARK [2][-]{subsection.6.1.13}{\376\377\000E\000x\000t\000r\000a\000c\000t\000i\000o\000n\000\040\000o\000f\000\040\000c\000u\000r\000v\000e\000s\000\040\000a\000n\000d\000\040\000p\000r\000o\000f\000i\000l\000e\000s\000\040\000\050\000l\000i\000n\000e\000s\000\040\0001\0002\0004\040\023\0001\0004\0007\000\051}{section.6.1}% 84
\BOOKMARK [1][-]{section.6.2}{\376\377\000M\000e\000s\000h}{chapter.6}% 85
\BOOKMARK [1][-]{section.6.3}{\376\377\000S\000o\000l\000v\000e\000r\000\040\000c\000o\000n\000f\000i\000g\000u\000r\000a\000t\000i\000o\000n}{chapter.6}% 86
\BOOKMARK [1][-]{section.6.4}{\376\377\000S\000t\000e\000p\000p\000e\000d\000\040\000a\000n\000d\000\040\000p\000o\000i\000n\000t\000w\000i\000s\000e\000\040\000g\000a\000t\000e\000\040\000s\000w\000e\000e\000p\000s}{chapter.6}% 87
\BOOKMARK [1][-]{section.6.5}{\376\377\000P\000e\000r\000-\000r\000u\000n\000\040\000v\000a\000l\000i\000d\000a\000t\000i\000o\000n}{chapter.6}% 88
\BOOKMARK [1][-]{section.6.6}{\376\377\000C\000o\000n\000v\000e\000r\000g\000e\000n\000c\000e\000\040\000e\000v\000i\000d\000e\000n\000c\000e}{chapter.6}% 89
\BOOKMARK [1][-]{section.6.7}{\376\377\000T\000h\000e\000\040\0002\0000\0002\0006\000-\0000\0009\000-\0002\0005\000\040\000c\000a\000m\000p\000a\000i\000g\000n\000\040\000m\000a\000c\000h\000i\000n\000e\000r\000y}{chapter.6}% 90
\BOOKMARK [0][-]{chapter.7}{\376\377\000C\000a\000l\000i\000b\000r\000a\000t\000i\000o\000n\000\040\000a\000n\000d\000\040\000h\000o\000w\000\040\000e\000a\000c\000h\000\040\000p\000a\000r\000a\000m\000e\000t\000e\000r\000\040\000c\000o\000n\000t\000r\000o\000l\000s\000\040\000t\000h\000e\000\040\000t\000r\000a\000n\000s\000f\000e\000r\000\040\000c\000u\000r\000v\000e}{}% 91
\BOOKMARK [1][-]{section.7.1}{\376\377\000S\000t\000a\000g\000e\000d\000\040\000c\000a\000l\000i\000b\000r\000a\000t\000i\000o\000n\000\040\000s\000t\000r\000a\000t\000e\000g\000y}{chapter.7}% 92
\BOOKMARK [2][-]{subsection.7.1.1}{\376\377\000W\000h\000a\000t\000\040\000i\000s\000\040\000f\000i\000t\000t\000e\000d\000\040\000a\000n\000d\000\040\000w\000h\000a\000t\000\040\000i\000s\000\040\000n\000o\000t}{section.7.1}% 93
\BOOKMARK [2][-]{subsection.7.1.2}{\376\377\000W\000h\000y\000\040\000t\000h\000e\000\040\000o\000r\000d\000e\000r\000\040\000g\000i\000v\000e\000s\000\040\000n\000e\000a\000r\000-\000o\000r\000t\000h\000o\000g\000o\000n\000a\000l\000\040\000a\000d\000j\000u\000s\000t\000m\000e\000n\000t\000s}{section.7.1}% 94
\BOOKMARK [2][-]{subsection.7.1.3}{\376\377\000G\000o\000o\000d\000n\000e\000s\000s\000-\000o\000f\000-\000f\000i\000t\000\040\000m\000e\000a\000s\000u\000r\000e\000s}{section.7.1}% 95
\BOOKMARK [1][-]{section.7.2}{\376\377\000C\000a\000l\000i\000b\000r\000a\000t\000i\000o\000n\000\040\000h\000i\000s\000t\000o\000r\000y\000:\000\040\000e\000v\000e\000r\000y\000\040\000s\000t\000a\000g\000e\000\040\000r\000u\000n\000\040\000a\000n\000d\000\040\000w\000h\000a\000t\000\040\000i\000t\000\040\000t\000a\000u\000g\000h\000t}{chapter.7}% 96
\BOOKMARK [2][-]{subsection.7.2.1}{\376\377\000S\000t\000a\000g\000e\000\040\0001\000:\000\040\000b\000a\000s\000e\000l\000i\000n\000e\000\040\000l\000a\000w\000s\000\040\000\050\000r\000u\000n\000\137\0000\0000\0000\0001\000,\000\040\000r\000u\000n\000\137\0000\0000\0000\0002\000\051}{section.7.2}% 97
\BOOKMARK [2][-]{subsection.7.2.2}{\376\377\000S\000t\000a\000g\000e\000\040\0002\000:\000\040\000s\000h\000a\000r\000e\000d\000\040\000f\000i\000x\000e\000d\000\040\000c\000h\000a\000r\000g\000e\000\040\000\050\000r\000u\000n\000\137\0000\0000\0000\0003\000,\000\040\000r\000u\000n\000\137\0000\0000\0000\0004\000\051}{section.7.2}% 98
\BOOKMARK [2][-]{subsection.7.2.3}{\376\377\000S\000t\000a\000g\000e\000\040\0004\000:\000\040\000t\000h\000e\000\040\000h\000e\000l\000d\000-\000o\000u\000t\000\040\0006\000.\0003\000\040\000n\000m\000\040\000d\000e\000v\000i\000c\000e\000\040\000\050\000r\000u\000n\000\137\0000\0000\0000\0005\000,\000\040\000r\000u\000n\000\137\0000\0000\0001\0004\000\051\000\040\000a\000n\000d\000\040\000t\000h\000e\000\040\000t\000u\000n\000e\000d\000\040\000a\000l\000t\000e\000r\000n\000a\000t\000i\000v\000e\000\040\000\050\000r\000u\000n\000\137\0000\0000\0000\0007\000,\000\040\000r\000u\000n\000\137\0000\0000\0001\0005\000\051}{section.7.2}% 99
\BOOKMARK [2][-]{subsection.7.2.4}{\376\377\000S\000t\000a\000g\000e\000\040\0004\000,\000\040\0003\0001\000.\0008\000\040\000n\000m\000:\000\040\000a\000\040\000d\000o\000c\000u\000m\000e\000n\000t\000e\000d\000\040\000f\000a\000i\000l\000u\000r\000e\000\040\000\050\000r\000u\000n\000\137\0000\0000\0000\0006\000,\000\040\000r\000u\000n\000\137\0000\0000\0001\0000\000\051}{section.7.2}% 100
\BOOKMARK [2][-]{subsection.7.2.5}{\376\377\000S\000t\000a\000g\000e\000\040\0003\000:\000\040\000b\000a\000n\000d\000\040\000m\000o\000b\000i\000l\000i\000t\000y\000\040\000\050\000r\000u\000n\000\137\0000\0000\0000\0008\000,\000\040\000r\000u\000n\000\137\0000\0000\0000\0009\000;\000\040\000r\000u\000n\000\137\0000\0000\0001\0001\000\040\000n\000o\000t\000\040\000e\000x\000e\000c\000u\000t\000e\000d\000\051}{section.7.2}% 101
\BOOKMARK [2][-]{subsection.7.2.6}{\376\377\000S\000t\000a\000g\000e\000\040\0005\000:\000\040\000p\000h\000y\000s\000i\000c\000a\000l\000\040\000s\000t\000r\000u\000c\000t\000u\000r\000e\000\040\000a\000n\000d\000\040\000s\000t\000e\000p\000p\000e\000d\000\040\000s\000w\000e\000e\000p\000\040\000\050\000r\000u\000n\000\137\0000\0000\0001\0002\040\023\000r\000u\000n\000\137\0000\0000\0001\0005\000\051}{section.7.2}% 102
\BOOKMARK [2][-]{subsection.7.2.7}{\376\377\000S\000t\000a\000g\000e\000\040\0006\000:\000\040\000D\000O\000S\000\040\000r\000e\000f\000i\000n\000e\000m\000e\000n\000t\000\040\000a\000n\000d\000\040\000e\000x\000a\000c\000t\000\040\000r\000e\000c\000a\000l\000i\000b\000r\000a\000t\000i\000o\000n\000\040\000\050\000r\000u\000n\000\137\0000\0000\0003\0008\040\023\000r\000u\000n\000\137\0000\0000\0004\0000\000\051}{section.7.2}% 103
\BOOKMARK [1][-]{section.7.3}{\376\377\000F\000i\000n\000a\000l\000\040\000c\000o\000n\000v\000e\000r\000g\000e\000d\000\040\000c\000a\000l\000i\000b\000r\000a\000t\000i\000o\000n\000\040\000a\000t\000\040\000D\000O\000S\000\040\0003\0008\0004\000/\0001\0009\0002}{chapter.7}% 104
\BOOKMARK [1][-]{section.7.4}{\376\377\000H\000o\000w\000\040\000e\000a\000c\000h\000\040\000p\000a\000r\000a\000m\000e\000t\000e\000r\000\040\000c\000o\000n\000t\000r\000o\000l\000s\000\040\000t\000h\000e\000\040\000t\000r\000a\000n\000s\000f\000e\000r\000\040\000c\000u\000r\000v\000e}{chapter.7}% 105
\BOOKMARK [2][-]{subsection.7.4.1}{\376\377\000C\000o\000m\000p\000l\000e\000t\000e\000\040\000t\000a\000b\000l\000e\000\040\000o\000f\000\040\000p\000e\000r\000t\000u\000r\000b\000a\000t\000i\000o\000n\000\040\000a\000n\000d\000\040\000c\000o\000u\000n\000t\000e\000r\000f\000a\000c\000t\000u\000a\000l\000\040\000r\000u\000n\000s}{section.7.4}% 106
\BOOKMARK [2][-]{subsection.7.4.2}{\376\377\000S\000m\000a\000l\000l\000\040\000m\000u\000l\000t\000i\000p\000l\000e\000s\000\040\000a\000n\000d\000\040\000d\000i\000f\000f\000e\000r\000e\000n\000c\000e\000\040\000c\000u\000r\000v\000e\000s}{section.7.4}% 107
\BOOKMARK [2][-]{subsection.7.4.3}{\376\377\000T\000h\000e\000\040\000c\000o\000n\000t\000r\000o\000l\000\040\000m\000a\000t\000r\000i\000x}{section.7.4}% 108
\BOOKMARK [1][-]{section.7.5}{\376\377\000I\000s\000o\000l\000a\000t\000i\000o\000n\000\040\000t\000e\000s\000t\000s\000\040\000o\000f\000\040\000t\000h\000e\000\040\000g\000a\000t\000e\000\040\000w\000o\000r\000k\000\040\000f\000u\000n\000c\000t\000i\000o\000n\000\040\000a\000n\000d\000\040\000t\000h\000e\000\040\000e\000f\000f\000e\000c\000t\000i\000v\000e\000\040\000m\000a\000s\000s}{chapter.7}% 109
\BOOKMARK [2][-]{subsection.7.5.1}{\376\377\000G\000a\000t\000e\000\040\000w\000o\000r\000k\000\040\000f\000u\000n\000c\000t\000i\000o\000n\000\040\000+\0000\000.\0001\000\040\000e\000V\000\040\000\050\000r\000u\000n\000\137\0000\0000\0004\0008\000,\000\040\000r\000u\000n\000\137\0000\0000\0004\0009\000\051}{section.7.5}% 110
\BOOKMARK [2][-]{subsection.7.5.2}{\376\377\000E\000f\000f\000e\000c\000t\000i\000v\000e\000\040\000m\000a\000s\000s\000\040\0001\000.\0003\000\040\000\050\000r\000u\000n\000\137\0000\0000\0005\0000\000,\000\040\000r\000u\000n\000\137\0000\0000\0005\0001\000\051}{section.7.5}% 111
\BOOKMARK [2][-]{subsection.7.5.3}{\376\377\000W\000h\000a\000t\000\040\000t\000h\000e\000\040\000i\000s\000o\000l\000a\000t\000i\000o\000n\000\040\000r\000u\000n\000s\000\040\000i\000m\000p\000l\000y\000\040\000f\000o\000r\000\040\000c\000o\000n\000f\000i\000n\000e\000m\000e\000n\000t}{section.7.5}% 112
\BOOKMARK [0][-]{chapter.8}{\376\377\000T\000h\000e\000\040\0006\000.\0003\000\040\000n\000m\000\040\000d\000i\000s\000c\000r\000e\000p\000a\000n\000c\000y\000:\000\040\000a\000\040\000c\000o\000n\000t\000r\000o\000l\000l\000e\000d\000\040\000h\000y\000p\000o\000t\000h\000e\000s\000i\000s\000\040\000s\000t\000u\000d\000y}{}% 113
\BOOKMARK [1][-]{section.8.1}{\376\377\000T\000h\000e\000\040\000p\000r\000o\000b\000l\000e\000m\000:\000\040\000a\000\040\000f\000a\000i\000l\000e\000d\000\040\000s\000h\000a\000r\000e\000d\000-\000p\000a\000r\000a\000m\000e\000t\000e\000r\000\040\000t\000e\000s\000t\000\040\000a\000n\000d\000\040\000a\000\040\000t\000u\000n\000e\000d\000\040\000f\000i\000t\000\040\000t\000h\000a\000t\000\040\000s\000t\000i\000l\000l\000\040\000m\000i\000s\000s\000e\000s}{chapter.8}% 114
\BOOKMARK [2][-]{subsection.8.1.1}{\376\377\000T\000h\000e\000\040\000m\000e\000a\000s\000u\000r\000e\000d\000\040\0006\000.\0003\000\040\000n\000m\000\040\000c\000u\000r\000v\000e}{section.8.1}% 115
\BOOKMARK [2][-]{subsection.8.1.2}{\376\377\000T\000h\000e\000\040\000s\000h\000a\000r\000e\000d\000-\000p\000a\000r\000a\000m\000e\000t\000e\000r\000\040\000t\000e\000s\000t\000\040\000\050\000r\000u\000n\000\137\0000\0000\0001\0004\000\051}{section.8.1}% 116
\BOOKMARK [2][-]{subsection.8.1.3}{\376\377\000T\000h\000e\000\040\000t\000u\000n\000e\000d\000\040\000f\000i\000t\000\040\000\050\000r\000u\000n\000\137\0000\0000\0001\0005\000,\000\040\000r\000u\000n\000\137\0000\0000\0003\0009\000\051}{section.8.1}% 117
\BOOKMARK [2][-]{subsection.8.1.4}{\376\377\000D\000e\000c\000o\000m\000p\000o\000s\000i\000t\000i\000o\000n\000\040\000i\000n\000t\000o\000\040\000a\000\040\000r\000i\000g\000i\000d\000\040\000p\000a\000r\000t\000\040\000a\000n\000d\000\040\000a\000\040\000s\000h\000a\000p\000e\000\040\000p\000a\000r\000t}{section.8.1}% 118
\BOOKMARK [1][-]{section.8.2}{\376\377\000C\000a\000m\000p\000a\000i\000g\000n\000\040\000A\000:\000\040\000o\000n\000e\000\040\000m\000e\000c\000h\000a\000n\000i\000s\000m\000\040\000a\000t\000\040\000a\000\040\000t\000i\000m\000e}{chapter.8}% 119
\BOOKMARK [2][-]{subsection.8.2.1}{\376\377\000D\000e\000s\000i\000g\000n}{section.8.2}% 120
\BOOKMARK [2][-]{subsection.8.2.2}{\376\377\000R\000e\000s\000u\000l\000t\000s}{section.8.2}% 121
\BOOKMARK [2][-]{subsection.8.2.3}{\376\377\000M\000e\000c\000h\000a\000n\000i\000s\000m\000-\000b\000y\000-\000m\000e\000c\000h\000a\000n\000i\000s\000m\000\040\000r\000e\000a\000d\000i\000n\000g}{section.8.2}% 122
\BOOKMARK [1][-]{section.8.3}{\376\377\000T\000h\000e\000\040\000o\000n\000-\000s\000t\000a\000t\000e\000\040\000s\000h\000a\000p\000e\000\040\000p\000r\000o\000b\000l\000e\000m\000\040\000a\000n\000d\000\040\000t\000w\000o\000\040\000p\000r\000e\000-\000r\000e\000g\000i\000s\000t\000e\000r\000e\000d\000\040\000t\000e\000s\000t\000s}{chapter.8}% 123
\BOOKMARK [2][-]{subsection.8.3.1}{\376\377\000W\000h\000a\000t\000\040\000m\000u\000s\000t\000\040\000b\000e\000\040\000r\000e\000p\000r\000o\000d\000u\000c\000e\000d}{section.8.3}% 124
\BOOKMARK [2][-]{subsection.8.3.2}{\376\377\000B\0000\000:\000\040\000r\000e\000-\000p\000a\000r\000t\000i\000t\000i\000o\000n\000\040\000o\000f\000\040\000t\000a\000i\000l\000\040\000d\000e\000n\000s\000i\000t\000y\000\040\000a\000n\000d\000\040\000b\000a\000n\000d\000\040\000m\000o\000b\000i\000l\000i\000t\000y\000\040\000\050\000r\000u\000n\000\137\0000\0000\0003\0007\000\051}{section.8.3}% 125
\BOOKMARK [2][-]{subsection.8.3.3}{\376\377\000C\0001\000:\000\040\000a\000\040\000n\000a\000r\000r\000o\000w\000\040\000a\000c\000c\000e\000p\000t\000o\000r\000\040\000b\000a\000n\000d\000\040\000j\000u\000s\000t\000\040\000b\000e\000l\000o\000w\000\040\000E\000c\000\040\000\050\000r\000u\000n\000\137\0000\0000\0005\0002\000\051}{section.8.3}% 126
\BOOKMARK [2][-]{subsection.8.3.4}{\376\377\000R\000e\000g\000i\000s\000t\000e\000r\000e\000d\000\040\000p\000r\000e\000d\000i\000c\000t\000i\000o\000n\000s\000\040\000a\000n\000d\000\040\000o\000u\000t\000c\000o\000m\000e\000s}{section.8.3}% 127
\BOOKMARK [2][-]{subsection.8.3.5}{\376\377\000T\000h\000e\000\040\000t\000r\000a\000d\000e\000-\000o\000f\000f\000\040\000l\000i\000n\000e}{section.8.3}% 128
\BOOKMARK [1][-]{section.8.4}{\376\377\000V\000e\000r\000d\000i\000c\000t\000:\000\040\000w\000h\000a\000t\000\040\000i\000s\000\040\000a\000n\000d\000\040\000i\000s\000\040\000n\000o\000t\000\040\000u\000n\000d\000e\000r\000s\000t\000o\000o\000d}{chapter.8}% 129
\BOOKMARK [0][-]{chapter.9}{\376\377\000M\000e\000c\000h\000a\000n\000i\000s\000m\000\040\000a\000n\000a\000l\000y\000s\000i\000s\000\040\000o\000f\000\040\000t\000h\000e\000\040\000t\000h\000i\000c\000k\000n\000e\000s\000s\000\040\000d\000e\000p\000e\000n\000d\000e\000n\000c\000e}{}% 130
\BOOKMARK [1][-]{section.9.1}{\376\377\000E\000l\000e\000c\000t\000r\000o\000s\000t\000a\000t\000i\000c\000s\000\040\000a\000n\000d\000\040\000t\000h\000e\000\040\000t\000h\000r\000e\000s\000h\000o\000l\000d\000\040\000c\000h\000a\000r\000g\000e\000\040\000b\000u\000d\000g\000e\000t}{chapter.9}% 131
\BOOKMARK [2][-]{subsection.9.1.1}{\376\377\000W\000h\000a\000t\000\040\000t\000h\000e\000\040\000t\000h\000r\000e\000s\000h\000o\000l\000d\000\040\000m\000e\000a\000s\000u\000r\000e\000s}{section.9.1}% 132
\BOOKMARK [2][-]{subsection.9.1.2}{\376\377\000E\000x\000p\000e\000c\000t\000e\000d\000\040\000t\000h\000i\000c\000k\000n\000e\000s\000s\000\040\000d\000e\000p\000e\000n\000d\000e\000n\000c\000e\000\040\000o\000f\000\040\000e\000a\000c\000h\000\040\000t\000e\000r\000m}{section.9.1}% 133
\BOOKMARK [2][-]{subsection.9.1.3}{\376\377\000M\000a\000g\000n\000i\000t\000u\000d\000e\000s\000\040\000a\000n\000d\000\040\000c\000o\000m\000p\000a\000r\000i\000s\000o\000n\000\040\000w\000i\000t\000h\000\040\000t\000h\000e\000\040\000d\000a\000t\000a}{section.9.1}% 134
\BOOKMARK [2][-]{subsection.9.1.4}{\376\377\000D\000i\000s\000t\000i\000n\000g\000u\000i\000s\000h\000i\000n\000g\000\040\000p\000r\000e\000d\000i\000c\000t\000i\000o\000n\000s\000\040\000a\000n\000d\000\040\000v\000e\000r\000d\000i\000c\000t}{section.9.1}% 135
\BOOKMARK [1][-]{section.9.2}{\376\377\000T\000r\000a\000n\000s\000p\000o\000r\000t\000\040\000a\000n\000d\000\040\000t\000h\000e\000\040\000m\000o\000b\000i\000l\000i\000t\000y\000\040\000s\000t\000e\000p}{chapter.9}% 136
\BOOKMARK [2][-]{subsection.9.2.1}{\376\377\000T\000h\000e\000\040\000o\000b\000s\000e\000r\000v\000a\000t\000i\000o\000n}{section.9.2}% 137
\BOOKMARK [2][-]{subsection.9.2.2}{\376\377\000D\000e\000c\000o\000m\000p\000o\000s\000i\000t\000i\000o\000n\000\040\000o\000f\000\040\000t\000h\000e\000\040\000a\000p\000p\000a\000r\000e\000n\000t\000\040\000m\000o\000b\000i\000l\000i\000t\000y}{section.9.2}% 138
\BOOKMARK [2][-]{subsection.9.2.3}{\376\377\000C\000a\000n\000d\000i\000d\000a\000t\000e\000\040\000m\000e\000c\000h\000a\000n\000i\000s\000m\000s}{section.9.2}% 139
\BOOKMARK [1][-]{section.9.3}{\376\377\000Q\000u\000a\000n\000t\000u\000m\000\040\000c\000o\000n\000f\000i\000n\000e\000m\000e\000n\000t}{chapter.9}% 140
\BOOKMARK [2][-]{subsection.9.3.1}{\376\377\000E\000x\000p\000e\000c\000t\000e\000d\000\040\000d\000e\000p\000e\000n\000d\000e\000n\000c\000e\000\040\000a\000n\000d\000\040\000m\000a\000g\000n\000i\000t\000u\000d\000e}{section.9.3}% 141
\BOOKMARK [2][-]{subsection.9.3.2}{\376\377\000W\000h\000a\000t\000\040\000o\000n\000e\000\040\000I\000D\040\023\000V\000G\000\040\000c\000u\000r\000v\000e\000\040\000c\000a\000n\000\040\000s\000e\000e}{section.9.3}% 142
\BOOKMARK [2][-]{subsection.9.3.3}{\376\377\000S\000y\000m\000m\000e\000t\000r\000i\000c\000\040\000c\000a\000l\000i\000b\000r\000a\000t\000i\000o\000n\000:\000\040\000w\000i\000t\000h\000\040\000a\000n\000d\000\040\000w\000i\000t\000h\000o\000u\000t\000\040\000c\000o\000n\000f\000i\000n\000e\000m\000e\000n\000t}{section.9.3}% 143
\BOOKMARK [2][-]{subsection.9.3.4}{\376\377\000C\000o\000m\000p\000a\000r\000i\000s\000o\000n\000\040\000w\000i\000t\000h\000\040\000t\000h\000e\000\040\000d\000a\000t\000a\000\040\000a\000n\000d\000\040\000v\000e\000r\000d\000i\000c\000t}{section.9.3}% 144
\BOOKMARK [1][-]{section.9.4}{\376\377\000T\000r\000a\000p\000s\000,\000\040\000d\000o\000n\000o\000r\000s\000\040\000a\000n\000d\000\040\000o\000f\000f\000-\000s\000t\000a\000t\000e\000\040\000f\000l\000o\000o\000r\000s}{chapter.9}% 145
\BOOKMARK [2][-]{subsection.9.4.1}{\376\377\000N\000e\000a\000r\000-\000c\000o\000n\000d\000u\000c\000t\000i\000o\000n\000-\000b\000a\000n\000d\000\040\000a\000c\000c\000e\000p\000t\000o\000r\000\040\000t\000a\000i\000l}{section.9.4}% 146
\BOOKMARK [2][-]{subsection.9.4.2}{\376\377\000D\000o\000n\000o\000r\000s}{section.9.4}% 147
\BOOKMARK [2][-]{subsection.9.4.3}{\376\377\000O\000f\000f\000-\000s\000t\000a\000t\000e\000\040\000f\000l\000o\000o\000r\000s}{section.9.4}% 148
\BOOKMARK [2][-]{subsection.9.4.4}{\376\377\000S\000w\000e\000e\000p\000\040\000h\000i\000s\000t\000o\000r\000y\000\040\000a\000n\000d\000\040\000b\000i\000a\000s\000\040\000s\000t\000r\000e\000s\000s}{section.9.4}% 149
\BOOKMARK [1][-]{section.9.5}{\376\377\000C\000o\000n\000t\000a\000c\000t\000s}{chapter.9}% 150
\BOOKMARK [1][-]{section.9.6}{\376\377\000C\000o\000u\000p\000l\000i\000n\000g\000s\000\040\000b\000e\000t\000w\000e\000e\000n\000\040\000m\000e\000c\000h\000a\000n\000i\000s\000m\000s}{chapter.9}% 151
\BOOKMARK [1][-]{section.9.7}{\376\377\000I\000d\000e\000n\000t\000i\000f\000i\000a\000b\000i\000l\000i\000t\000y}{chapter.9}% 152
\BOOKMARK [1][-]{section.9.8}{\376\377\000V\000e\000r\000d\000i\000c\000t\000s}{chapter.9}% 153
\BOOKMARK [0][-]{chapter.10}{\376\377\000R\000e\000g\000i\000s\000t\000e\000r\000e\000d\000\040\000p\000r\000e\000d\000i\000c\000t\000i\000o\000n\000s}{}% 154
\BOOKMARK [1][-]{section.10.1}{\376\377\000O\000u\000t\000p\000u\000t\000\040\000c\000h\000a\000r\000a\000c\000t\000e\000r\000i\000s\000t\000i\000c\000s\000\040\000\050\000I\000D\000-\000V\000D\000\051\000\040\000a\000t\000\040\0003\0000\0000\000\040\000K}{chapter.10}% 155
\BOOKMARK [1][-]{section.10.2}{\376\377\000E\000l\000e\000v\000a\000t\000e\000d\000-\000t\000e\000m\000p\000e\000r\000a\000t\000u\000r\000e\000\040\000t\000r\000a\000n\000s\000f\000e\000r\000\040\000c\000h\000a\000r\000a\000c\000t\000e\000r\000i\000s\000t\000i\000c\000s}{chapter.10}% 156
\BOOKMARK [1][-]{section.10.3}{\376\377\000F\000a\000l\000s\000i\000f\000i\000c\000a\000t\000i\000o\000n\000\040\000c\000r\000i\000t\000e\000r\000i\000a\000\040\000a\000n\000d\000\040\000p\000r\000o\000s\000p\000e\000c\000t\000i\000v\000e\000\040\000s\000t\000a\000t\000u\000s}{chapter.10}% 157
\BOOKMARK [0][-]{chapter.11}{\376\377\000V\000a\000l\000i\000d\000a\000t\000i\000o\000n\000\040\000s\000t\000a\000t\000u\000s\000,\000\040\000p\000e\000e\000r\000-\000r\000e\000v\000i\000e\000w\000\040\000a\000s\000s\000e\000s\000s\000m\000e\000n\000t\000\040\000a\000n\000d\000\040\000r\000e\000q\000u\000i\000r\000e\000d\000\040\000w\000o\000r\000k}{}% 158
\BOOKMARK [1][-]{section.11.1}{\376\377\000C\000a\000l\000i\000b\000r\000a\000t\000i\000o\000n\000\040\000v\000e\000r\000s\000u\000s\000\040\000v\000a\000l\000i\000d\000a\000t\000i\000o\000n\000\040\000s\000t\000a\000t\000u\000s\000\040\000o\000f\000\040\000e\000v\000e\000r\000y\000\040\000m\000o\000d\000e\000l\000\040\000c\000l\000a\000i\000m}{chapter.11}% 159
\BOOKMARK [1][-]{section.11.2}{\376\377\000A\000d\000v\000e\000r\000s\000a\000r\000i\000a\000l\000\040\000r\000e\000v\000i\000e\000w\000:\000\040\000o\000b\000j\000e\000c\000t\000i\000o\000n\000s\000\040\000a\000n\000d\000\040\000r\000e\000s\000p\000o\000n\000s\000e\000s}{chapter.11}% 160
\BOOKMARK [1][-]{section.11.3}{\376\377\000M\000i\000n\000i\000m\000u\000m\000\040\000w\000o\000r\000k\000\040\000b\000e\000f\000o\000r\000e\000\040\000s\000u\000b\000m\000i\000s\000s\000i\000o\000n}{chapter.11}% 161
\BOOKMARK [1][-]{section.11.4}{\376\377\000W\000h\000a\000t\000\040\000t\000o\000\040\000l\000e\000a\000v\000e\000\040\000f\000o\000r\000\040\000a\000\040\000s\000e\000c\000o\000n\000d\000\040\000p\000a\000p\000e\000r}{chapter.11}% 162
\BOOKMARK [0][-]{chapter.12}{\376\377\000F\000i\000r\000s\000t\000-\000p\000r\000i\000n\000c\000i\000p\000l\000e\000s\000\040\000i\000n\000p\000u\000t\000s\000:\000\040\000d\000e\000n\000s\000i\000t\000y\000-\000f\000u\000n\000c\000t\000i\000o\000n\000a\000l\000\040\000c\000a\000l\000c\000u\000l\000a\000t\000i\000o\000n\000s\000\040\000o\000f\000\040\000I\000n\0002\000O\0003\000\040\000a\000n\000d\000\040\000I\000W\000O\000\040\000f\000i\000l\000m\000s}{}% 163
\BOOKMARK [1][-]{section.12.1}{\376\377\000W\000h\000y\000\040\000f\000i\000r\000s\000t\000-\000p\000r\000i\000n\000c\000i\000p\000l\000e\000s\000\040\000c\000a\000l\000c\000u\000l\000a\000t\000i\000o\000n\000s\000\040\000a\000r\000e\000\040\000n\000e\000e\000d\000e\000d}{chapter.12}% 164
\BOOKMARK [1][-]{section.12.2}{\376\377\000T\000e\000r\000m\000s\000\040\000u\000s\000e\000d\000\040\000i\000n\000\040\000t\000h\000i\000s\000\040\000c\000h\000a\000p\000t\000e\000r}{chapter.12}% 165
\BOOKMARK [1][-]{section.12.3}{\376\377\000H\000o\000w\000\040\000a\000\040\000d\000e\000n\000s\000i\000t\000y\000-\000f\000u\000n\000c\000t\000i\000o\000n\000a\000l\000\040\000c\000a\000l\000c\000u\000l\000a\000t\000i\000o\000n\000\040\000w\000o\000r\000k\000s}{chapter.12}% 166
\BOOKMARK [2][-]{subsection.12.3.1}{\376\377\000T\000h\000e\000\040\000p\000r\000o\000b\000l\000e\000m\000:\000\040\000m\000a\000n\000y\000\040\000i\000n\000t\000e\000r\000a\000c\000t\000i\000n\000g\000\040\000e\000l\000e\000c\000t\000r\000o\000n\000s}{section.12.3}% 167
\BOOKMARK [2][-]{subsection.12.3.2}{\376\377\000T\000h\000e\000\040\000d\000e\000n\000s\000i\000t\000y\000\040\000i\000n\000s\000t\000e\000a\000d\000\040\000o\000f\000\040\000t\000h\000e\000\040\000w\000a\000v\000e\000\040\000f\000u\000n\000c\000t\000i\000o\000n\000:\000\040\000K\000o\000h\000n\040\023\000S\000h\000a\000m\000\040\000e\000q\000u\000a\000t\000i\000o\000n\000s}{section.12.3}% 168
\BOOKMARK [2][-]{subsection.12.3.3}{\376\377\000T\000h\000e\000\040\000a\000p\000p\000r\000o\000x\000i\000m\000a\000t\000i\000o\000n\000:\000\040\000e\000x\000c\000h\000a\000n\000g\000e\040\023\000c\000o\000r\000r\000e\000l\000a\000t\000i\000o\000n\000\040\000f\000u\000n\000c\000t\000i\000o\000n\000a\000l\000s}{section.12.3}% 169
\BOOKMARK [2][-]{subsection.12.3.4}{\376\377\000C\000r\000y\000s\000t\000a\000l\000s\000:\000\040\000B\000l\000o\000c\000h\000\040\000s\000t\000a\000t\000e\000s\000,\000\040\000w\000a\000v\000e\000\040\000v\000e\000c\000t\000o\000r\000s\000\040\000a\000n\000d\000\040\000k\000-\000p\000o\000i\000n\000t\000\040\000s\000a\000m\000p\000l\000i\000n\000g}{section.12.3}% 170
\BOOKMARK [2][-]{subsection.12.3.5}{\376\377\000P\000l\000a\000n\000e\000\040\000w\000a\000v\000e\000s\000\040\000a\000n\000d\000\040\000t\000h\000e\000\040\000c\000u\000t\000o\000f\000f\000\040\000e\000n\000e\000r\000g\000y}{section.12.3}% 171
\BOOKMARK [2][-]{subsection.12.3.6}{\376\377\000P\000s\000e\000u\000d\000o\000p\000o\000t\000e\000n\000t\000i\000a\000l\000s\000\040\000a\000n\000d\000\040\000t\000h\000e\000\040\000p\000r\000o\000j\000e\000c\000t\000o\000r\000\040\000a\000u\000g\000m\000e\000n\000t\000e\000d\000-\000w\000a\000v\000e\000\040\000m\000e\000t\000h\000o\000d}{section.12.3}% 172
\BOOKMARK [2][-]{subsection.12.3.7}{\376\377\000T\000h\000e\000\040\000s\000e\000l\000f\000-\000c\000o\000n\000s\000i\000s\000t\000e\000n\000t\000\040\000f\000i\000e\000l\000d\000\040\000l\000o\000o\000p}{section.12.3}% 173
\BOOKMARK [2][-]{subsection.12.3.8}{\376\377\000I\000n\000s\000u\000l\000a\000t\000o\000r\000s\000\040\000a\000n\000d\000\040\000m\000e\000t\000a\000l\000s\000:\000\040\000o\000c\000c\000u\000p\000a\000t\000i\000o\000n\000s}{section.12.3}% 174
\BOOKMARK [2][-]{subsection.12.3.9}{\376\377\000F\000o\000r\000c\000e\000s\000,\000\040\000s\000t\000r\000e\000s\000s\000\040\000a\000n\000d\000\040\000r\000e\000l\000a\000x\000a\000t\000i\000o\000n}{section.12.3}% 175
\BOOKMARK [2][-]{subsection.12.3.10}{\376\377\000W\000h\000a\000t\000\040\000i\000s\000\040\000r\000e\000a\000d\000\040\000f\000r\000o\000m\000\040\000a\000\040\000c\000a\000l\000c\000u\000l\000a\000t\000i\000o\000n}{section.12.3}% 176
\BOOKMARK [1][-]{section.12.4}{\376\377\000D\000e\000f\000i\000n\000i\000n\000g\000\040\000t\000h\000e\000\040\000m\000a\000t\000e\000r\000i\000a\000l}{chapter.12}% 177
\BOOKMARK [2][-]{subsection.12.4.1}{\376\377\000B\000u\000l\000k\000\040\000I\000n\0002\000O\0003\000:\000\040\000t\000h\000e\000\040\000b\000i\000x\000b\000y\000i\000t\000e\000\040\000c\000r\000y\000s\000t\000a\000l}{section.12.4}% 178
\BOOKMARK [2][-]{subsection.12.4.2}{\376\377\000T\000h\000i\000n\000\040\000f\000i\000l\000m\000s\000:\000\040\000t\000h\000e\000\040\000s\000l\000a\000b\000\040\000m\000o\000d\000e\000l}{section.12.4}% 179
\BOOKMARK [2][-]{subsection.12.4.3}{\376\377\000T\000u\000n\000g\000s\000t\000e\000n\000\040\000d\000o\000p\000i\000n\000g}{section.12.4}% 180
\BOOKMARK [1][-]{section.12.5}{\376\377\000T\000h\000e\000\040\000c\000a\000l\000c\000u\000l\000a\000t\000i\000o\000n\000s\000,\000\040\000s\000t\000e\000p\000\040\000b\000y\000\040\000s\000t\000e\000p}{chapter.12}% 181
\BOOKMARK [2][-]{subsection.12.5.1}{\376\377\000P\000r\000o\000t\000o\000c\000o\000l\000\040\000a\000n\000d\000\040\000a\000c\000c\000e\000p\000t\000a\000n\000c\000e\000\040\000c\000r\000i\000t\000e\000r\000i\000a}{section.12.5}% 182
\BOOKMARK [2][-]{subsection.12.5.2}{\376\377\000A\000n\000a\000t\000o\000m\000y\000\040\000o\000f\000\040\000a\000n\000\040\000i\000n\000p\000u\000t\000\040\000f\000i\000l\000e}{section.12.5}% 183
\BOOKMARK [2][-]{subsection.12.5.3}{\376\377\000S\000t\000a\000g\000e\000\040\0001\000:\000\040\000c\000o\000n\000v\000e\000r\000g\000e\000n\000c\000e\000\040\000o\000f\000\040\000t\000h\000e\000\040\000n\000u\000m\000e\000r\000i\000c\000a\000l\000\040\000s\000e\000t\000t\000i\000n\000g\000s}{section.12.5}% 184
\BOOKMARK [2][-]{subsection.12.5.4}{\376\377\000S\000t\000a\000g\000e\000\040\0002\000:\000\040\000t\000h\000e\000\040\000r\000e\000l\000a\000x\000e\000d\000\040\000b\000u\000l\000k\000\040\000c\000r\000y\000s\000t\000a\000l}{section.12.5}% 185
\BOOKMARK [2][-]{subsection.12.5.5}{\376\377\000S\000t\000a\000g\000e\000\040\0003\000:\000\040\000b\000u\000l\000k\000\040\000b\000a\000n\000d\000\040\000s\000t\000r\000u\000c\000t\000u\000r\000e\000\040\000a\000n\000d\000\040\000e\000f\000f\000e\000c\000t\000i\000v\000e\000\040\000m\000a\000s\000s}{section.12.5}% 186
\BOOKMARK [2][-]{subsection.12.5.6}{\376\377\000S\000t\000a\000g\000e\000\040\0004\000a\000:\000\040\000v\000a\000c\000u\000u\000m\000\040\000t\000h\000i\000c\000k\000n\000e\000s\000s}{section.12.5}% 187
\BOOKMARK [2][-]{subsection.12.5.7}{\376\377\000S\000t\000a\000g\000e\000\040\0004\000b\000:\000\040\000r\000e\000l\000a\000x\000a\000t\000i\000o\000n\000\040\000a\000n\000d\000\040\000c\000o\000n\000f\000i\000n\000e\000m\000e\000n\000t\000\040\000o\000f\000\040\000t\000h\000e\000\040\0001\000\040\000n\000m\000\040\000f\000i\000l\000m}{section.12.5}% 188
\BOOKMARK [2][-]{subsection.12.5.8}{\376\377\000S\000t\000a\000g\000e\000\040\0005\000:\000\040\000i\000s\000\040\000P\000B\000E\000\040\000a\000d\000e\000q\000u\000a\000t\000e\000\040\000f\000o\000r\000\040\000t\000h\000e\000\040\000s\000h\000i\000f\000t\000?\000\040\000T\000h\000e\000\040\000h\000y\000b\000r\000i\000d\000-\000f\000u\000n\000c\000t\000i\000o\000n\000a\000l\000\040\000c\000h\000e\000c\000k}{section.12.5}% 189
\BOOKMARK [2][-]{subsection.12.5.9}{\376\377\000S\000t\000a\000g\000e\000\040\0006\000:\000\040\000t\000u\000n\000g\000s\000t\000e\000n\000\040\000i\000n\000\040\000b\000u\000l\000k\000\040\000I\000n\0002\000O\0003}{section.12.5}% 190
\BOOKMARK [2][-]{subsection.12.5.10}{\376\377\000S\000t\000a\000g\000e\000\040\0007\000:\000\040\000t\000u\000n\000g\000s\000t\000e\000n\000\040\000i\000n\000\040\000t\000h\000e\000\040\0001\000\040\000n\000m\000\040\000f\000i\000l\000m}{section.12.5}% 191
\BOOKMARK [2][-]{subsection.12.5.11}{\376\377\000S\000t\000a\000g\000e\000\040\0004\000c\000:\000\040\000t\000h\000e\000\040\0002\000\040\000n\000m\000\040\000f\000i\000l\000m}{section.12.5}% 192
\BOOKMARK [1][-]{section.12.6}{\376\377\000H\000o\000w\000\040\000t\000h\000e\000\040\000c\000a\000l\000c\000u\000l\000a\000t\000i\000o\000n\000s\000\040\000w\000e\000r\000e\000\040\000r\000u\000n\000:\000\040\000t\000h\000e\000\040\000w\000o\000r\000k\000f\000l\000o\000w}{chapter.12}% 193
\BOOKMARK [2][-]{subsection.12.6.1}{\376\377\000C\000o\000m\000p\000u\000t\000e\000r\000s\000\040\000a\000n\000d\000\040\000s\000o\000f\000t\000w\000a\000r\000e}{section.12.6}% 194
\BOOKMARK [2][-]{subsection.12.6.2}{\376\377\000A\000n\000a\000t\000o\000m\000y\000\040\000o\000f\000\040\000a\000\040\000j\000o\000b}{section.12.6}% 195
\BOOKMARK [2][-]{subsection.12.6.3}{\376\377\000G\000P\000U\000\040\000a\000c\000c\000e\000l\000e\000r\000a\000t\000i\000o\000n}{section.12.6}% 196
\BOOKMARK [2][-]{subsection.12.6.4}{\376\377\000T\000h\000e\000\040\000a\000u\000t\000o\000m\000a\000t\000e\000d\000\040\000w\000o\000r\000k\000f\000l\000o\000w}{section.12.6}% 197
\BOOKMARK [2][-]{subsection.12.6.5}{\376\377\000F\000a\000i\000l\000u\000r\000e\000s\000\040\000a\000n\000d\000\040\000w\000h\000a\000t\000\040\000t\000h\000e\000y\000\040\000t\000a\000u\000g\000h\000t}{section.12.6}% 198
\BOOKMARK [2][-]{subsection.12.6.6}{\376\377\000C\000o\000m\000p\000u\000t\000i\000n\000g\000\040\000r\000e\000s\000o\000u\000r\000c\000e\000s}{section.12.6}% 199
\BOOKMARK [1][-]{section.12.7}{\376\377\000F\000r\000o\000m\000\040\000o\000u\000t\000p\000u\000t\000\040\000f\000i\000l\000e\000s\000\040\000t\000o\000\040\000n\000u\000m\000b\000e\000r\000s\000\040\000a\000n\000d\000\040\000f\000i\000g\000u\000r\000e\000s}{chapter.12}% 200
\BOOKMARK [2][-]{subsection.12.7.1}{\376\377\000R\000e\000a\000d\000i\000n\000g\000\040\000t\000h\000e\000\040\000o\000u\000t\000p\000u\000t\000s}{section.12.7}% 201
\BOOKMARK [2][-]{subsection.12.7.2}{\376\377\000D\000r\000a\000w\000i\000n\000g\000\040\000t\000h\000e\000\040\000f\000i\000g\000u\000r\000e\000s}{section.12.7}% 202
\BOOKMARK [1][-]{section.12.8}{\376\377\000P\000e\000n\000d\000i\000n\000g\000\040\000r\000e\000s\000u\000l\000t\000s\000\040\000a\000n\000d\000\040\000c\000h\000a\000n\000g\000e\000s\000\040\000t\000o\000\040\000t\000h\000e\000\040\000d\000e\000v\000i\000c\000e\000\040\000m\000o\000d\000e\000l}{chapter.12}% 203
\BOOKMARK [1][-]{section.12.9}{\376\377\000L\000i\000m\000i\000t\000a\000t\000i\000o\000n\000s}{chapter.12}% 204
\BOOKMARK [0][-]{chapter.13}{\376\377\000C\000o\000n\000c\000l\000u\000s\000i\000o\000n\000s}{}% 205
\BOOKMARK [1][-]{section.13.1}{\376\377\000D\000e\000m\000o\000n\000s\000t\000r\000a\000t\000e\000d\000\040\000c\000o\000n\000c\000l\000u\000s\000i\000o\000n\000s}{chapter.13}% 206
\BOOKMARK [1][-]{section.13.2}{\376\377\000S\000t\000r\000o\000n\000g\000l\000y\000\040\000s\000u\000p\000p\000o\000r\000t\000e\000d\000\040\000i\000n\000t\000e\000r\000p\000r\000e\000t\000a\000t\000i\000o\000n\000s}{chapter.13}% 207
\BOOKMARK [1][-]{section.13.3}{\376\377\000P\000l\000a\000u\000s\000i\000b\000l\000e\000\040\000h\000y\000p\000o\000t\000h\000e\000s\000e\000s}{chapter.13}% 208
\BOOKMARK [1][-]{section.13.4}{\376\377\000R\000e\000j\000e\000c\000t\000e\000d\000\040\000e\000x\000p\000l\000a\000n\000a\000t\000i\000o\000n\000s}{chapter.13}% 209
\BOOKMARK [1][-]{section.13.5}{\376\377\000P\000u\000b\000l\000i\000c\000a\000t\000i\000o\000n\000-\000r\000e\000a\000d\000y\000\040\000c\000l\000a\000i\000m\000s}{chapter.13}% 210
\BOOKMARK [1][-]{section.13.6}{\376\377\000C\000o\000r\000r\000e\000c\000t\000i\000o\000n\000s\000\040\000t\000o\000\040\000e\000a\000r\000l\000i\000e\000r\000\040\000p\000a\000c\000k\000a\000g\000e\000\040\000d\000o\000c\000u\000m\000e\000n\000t\000s}{chapter.13}% 211
\BOOKMARK [1][-]{section.13.7}{\376\377\000O\000u\000t\000l\000o\000o\000k}{chapter.13}% 212
\BOOKMARK [0][-]{appendix.A}{\376\377\000C\000a\000t\000a\000l\000o\000g\000u\000e\000\040\000o\000f\000\040\000a\000l\000l\000\040\000s\000i\000m\000u\000l\000a\000t\000i\000o\000n\000\040\000r\000u\000n\000s}{}% 213
\BOOKMARK [1][-]{section.A.1}{\376\377\000C\000o\000m\000p\000o\000s\000i\000t\000i\000o\000n\000\040\000o\000f\000\040\000t\000h\000e\000\040\0005\0002\000\040\000l\000a\000u\000n\000c\000h\000e\000s}{appendix.A}% 214
\BOOKMARK [1][-]{section.A.2}{\376\377\000N\000o\000t\000e\000s\000\040\000o\000n\000\040\000n\000o\000n\000-\000s\000t\000a\000n\000d\000a\000r\000d\000\040\000r\000u\000n\000s}{appendix.A}% 215
\BOOKMARK [1][-]{section.A.3}{\376\377\000H\000i\000s\000t\000o\000r\000y\000:\000\040\000t\000h\000e\000\040\000V\0000\000\040\000a\000n\000d\000\040\000A\000s\000t\000r\000a\000\040\000p\000a\000c\000k\000a\000g\000e\000s}{appendix.A}% 216
\BOOKMARK [0][-]{appendix.B}{\376\377\000S\000o\000u\000r\000c\000e\000\040\000c\000o\000d\000e}{}% 217
\BOOKMARK [1][-]{section.B.1}{\376\377\000O\000r\000g\000a\000n\000i\000s\000a\000t\000i\000o\000n\000\040\000o\000f\000\040\000t\000h\000e\000\040\000c\000o\000d\000e}{appendix.B}% 218
\BOOKMARK [1][-]{section.B.2}{\376\377\000P\000a\000c\000k\000a\000g\000e\000\040\000s\000c\000r\000i\000p\000t\000s}{appendix.B}% 219
\BOOKMARK [2][-]{subsection.B.2.1}{\376\377\000m\000a\000t\000e\000r\000i\000a\000l\000\137\000l\000a\000w\000s\000.\000p\000y}{section.B.2}% 220
\BOOKMARK [2][-]{subsection.B.2.2}{\376\377\000b\000u\000i\000l\000d\000\137\000i\000w\000o\000\137\000d\000e\000c\000k\000s\000.\000p\000y}{section.B.2}% 221
\BOOKMARK [2][-]{subsection.B.2.3}{\376\377\000r\000u\000n\000\137\000a\000t\000l\000a\000s\000.\000p\000y}{section.B.2}% 222
\BOOKMARK [2][-]{subsection.B.2.4}{\376\377\000r\000u\000n\000\137\000c\000a\000m\000p\000a\000i\000g\000n\000.\000p\000y}{section.B.2}% 223
\BOOKMARK [2][-]{subsection.B.2.5}{\376\377\000e\000x\000t\000r\000a\000c\000t\000\137\000m\000e\000t\000r\000i\000c\000s\000.\000p\000y}{section.B.2}% 224
\BOOKMARK [2][-]{subsection.B.2.6}{\376\377\000c\000o\000m\000p\000a\000r\000e\000\137\000e\000x\000p\000e\000r\000i\000m\000e\000n\000t\000\137\000s\000i\000m\000u\000l\000a\000t\000i\000o\000n\000.\000p\000y}{section.B.2}% 225
\BOOKMARK [2][-]{subsection.B.2.7}{\376\377\000m\000a\000k\000e\000\137\000p\000r\000o\000v\000e\000n\000a\000n\000c\000e\000\137\000t\000a\000b\000l\000e\000s\000.\000p\000y}{section.B.2}% 226
\BOOKMARK [2][-]{subsection.B.2.8}{\376\377\000s\000e\000n\000s\000i\000t\000i\000v\000i\000t\000y\000\137\000a\000n\000a\000l\000y\000s\000i\000s\000.\000p\000y}{section.B.2}% 227
\BOOKMARK [2][-]{subsection.B.2.9}{\376\377\000s\000e\000n\000s\000i\000t\000i\000v\000i\000t\000y\000\137\000f\000r\000o\000m\000\137\000s\000t\000a\000g\000e\000\137\000r\000u\000n\000s\000.\000p\000y}{section.B.2}% 228
\BOOKMARK [2][-]{subsection.B.2.10}{\376\377\000p\000l\000o\000t\000\137\000r\000e\000s\000u\000l\000t\000s\000.\000p\000y}{section.B.2}% 229
\BOOKMARK [2][-]{subsection.B.2.11}{\376\377\000p\000l\000o\000t\000\137\000s\000e\000n\000s\000i\000t\000i\000v\000i\000t\000y\000.\000p\000y}{section.B.2}% 230
\BOOKMARK [2][-]{subsection.B.2.12}{\376\377\000q\000e\000\137\000b\000u\000i\000l\000d\000\137\000i\000n\000p\000u\000t\000s\000.\000p\000y}{section.B.2}% 231
\BOOKMARK [2][-]{subsection.B.2.13}{\376\377\000e\000x\000p\000o\000r\000t\000\137\000r\000e\000p\000o\000r\000t\000\137\000p\000d\000f\000.\000p\000y}{section.B.2}% 232
\BOOKMARK [1][-]{section.B.3}{\376\377\000A\000n\000a\000l\000y\000s\000i\000s\000\040\000s\000c\000r\000i\000p\000t\000s\000\040\000o\000f\000\040\0002\0000\0002\0006\000-\0000\0009\000-\0002\0005}{appendix.B}% 233
\BOOKMARK [2][-]{subsection.B.3.1}{\376\377\000S\0001\000\137\000s\0001\000\137\000a\000n\000a\000l\000y\000t\000i\000c\000.\000p\000y}{section.B.3}% 234
\BOOKMARK [2][-]{subsection.B.3.2}{\376\377\000S\0001\000\137\000s\0001\000\137\000a\000t\000l\000a\000s\000\137\000t\000a\000b\000l\000e\000s\000.\000p\000y}{section.B.3}% 235
\BOOKMARK [2][-]{subsection.B.3.3}{\376\377\000S\0001\000\137\000s\0001\000\137\000p\000o\000i\000s\000s\000o\000n\0001\000d\000.\000p\000y}{section.B.3}% 236
\BOOKMARK [2][-]{subsection.B.3.4}{\376\377\000S\0001\000\137\000s\0001\000\137\000s\000h\000a\000p\000e\000\137\000t\000e\000s\000t\000.\000p\000y}{section.B.3}% 237
\BOOKMARK [2][-]{subsection.B.3.5}{\376\377\000S\0002\000\137\000s\0002\000\137\000p\000a\000r\000t\0001\000\137\000c\000u\000r\000v\000e\000s\000.\000p\000y}{section.B.3}% 238
\BOOKMARK [2][-]{subsection.B.3.6}{\376\377\000S\0002\000\137\000s\0002\000\137\000p\000a\000r\000t\0002\000\137\000m\000t\000r\000\137\000t\000e\000m\000p\000e\000r\000a\000t\000u\000r\000e\000.\000p\000y}{section.B.3}% 239
\BOOKMARK [2][-]{subsection.B.3.7}{\376\377\000S\0002\000\137\000s\0002\000\137\000p\000a\000r\000t\0003\000\137\000r\000e\000p\000a\000r\000t\000i\000t\000i\000o\000n\000.\000p\000y}{section.B.3}% 240
\BOOKMARK [2][-]{subsection.B.3.8}{\376\377\000S\0002\000\137\000s\0002\000\137\000p\000a\000r\000t\0004\000\137\000m\000u\000s\000a\000t\000\137\000l\000o\000c\000a\000t\000i\000o\000n\000.\000p\000y}{section.B.3}% 241
\BOOKMARK [2][-]{subsection.B.3.9}{\376\377\000S\0003\000\137\000s\0003\000\137\000e\0001\000\137\000m\000a\000g\000n\000i\000t\000u\000d\000e\000.\000p\000y}{section.B.3}% 242
\BOOKMARK [2][-]{subsection.B.3.10}{\376\377\000S\0003\000\137\000s\0003\000\137\000n\000e\000c\000e\000s\000s\000i\000t\000y\000\137\000c\000u\000r\000v\000e\000s\000.\000p\000y}{section.B.3}% 243
\BOOKMARK [2][-]{subsection.B.3.11}{\376\377\000S\0003\000\137\000s\0003\000\137\000s\000p\0001\000d\000.\000p\000y}{section.B.3}% 244
\BOOKMARK [2][-]{subsection.B.3.12}{\376\377\000S\0003\000\137\000s\0003\000\137\000s\000p\0001\000d\000\137\000s\000e\000r\000i\000e\000s\000.\000p\000y}{section.B.3}% 245
\BOOKMARK [2][-]{subsection.B.3.13}{\376\377\000S\0004\000\137\000s\0004\000\137\000t\000r\000a\000p\000s\000.\000p\000y}{section.B.3}% 246
\BOOKMARK [2][-]{subsection.B.3.14}{\376\377\000S\0004\000\137\000s\0004\000\137\000p\000a\000r\000t\0002\000.\000p\000y}{section.B.3}% 247
\BOOKMARK [2][-]{subsection.B.3.15}{\376\377\000S\0004\000\137\000s\0004\000\137\000p\000a\000r\000t\0003\000\137\0006\0003\000s\000h\000a\000p\000e\000.\000p\000y}{section.B.3}% 248
\BOOKMARK [2][-]{subsection.B.3.16}{\376\377\000S\0005\000\137\000s\0005\000\137\000y\000f\000u\000n\000c\000t\000i\000o\000n\000.\000p\000y}{section.B.3}% 249
\BOOKMARK [2][-]{subsection.B.3.17}{\376\377\000S\0005\000\137\000s\0005\000\137\000c\000h\000e\000c\000k\000s\000.\000p\000y}{section.B.3}% 250
\BOOKMARK [2][-]{subsection.B.3.18}{\376\377\000S\0005\000\137\000s\0005\000\137\000p\000l\000o\000t\000.\000p\000y}{section.B.3}% 251
\BOOKMARK [2][-]{subsection.B.3.19}{\376\377\000S\0006\000\137\000s\0006\000\137\000l\000i\000b\000.\000p\000y}{section.B.3}% 252
\BOOKMARK [2][-]{subsection.B.3.20}{\376\377\000S\0006\000\137\000s\0006\000\137\000p\000a\000r\000t\0001\000\137\000n\000u\000m\000e\000r\000i\000c\000s\000.\000p\000y}{section.B.3}% 253
\BOOKMARK [2][-]{subsection.B.3.21}{\376\377\000S\0006\000\137\000s\0006\000\137\000p\000a\000r\000t\0002\000\137\000r\000o\000b\000u\000s\000t\000.\000p\000y}{section.B.3}% 254
\BOOKMARK [2][-]{subsection.B.3.22}{\376\377\000S\0006\000\137\000s\0006\000\137\000p\000a\000r\000t\0003\000\137\000p\000r\000e\000d\000i\000c\000t\000i\000o\000n\000s\000.\000p\000y}{section.B.3}% 255
\BOOKMARK [2][-]{subsection.B.3.23}{\376\377\000S\0006\000\137\000s\0006\000\137\000w\000r\000i\000t\000e\000\137\000r\000e\000g\000i\000s\000t\000e\000r\000.\000p\000y}{section.B.3}% 256
\BOOKMARK [2][-]{subsection.B.3.24}{\376\377\000R\000E\000V\000I\000E\000W\000\137\000r\000e\000v\000i\000e\000w\000\137\000v\000e\000r\000i\000f\000y\000.\000p\000y}{section.B.3}% 257
\BOOKMARK [2][-]{subsection.B.3.25}{\376\377\000S\000Y\000N\000T\000H\000E\000S\000I\000S\000\137\000s\000y\000n\000\137\000c\000h\000e\000c\000k\000s\000.\000p\000y}{section.B.3}% 258
\BOOKMARK [2][-]{subsection.B.3.26}{\376\377\000S\000Y\000N\000T\000H\000E\000S\000I\000S\000\137\000s\000y\000n\000\137\000l\000e\000v\000e\000r\000a\000g\000e\000.\000p\000y}{section.B.3}% 259
\BOOKMARK [1][-]{section.B.4}{\376\377\000C\000o\000l\000l\000e\000c\000t\000i\000o\000n\000\040\000s\000c\000r\000i\000p\000t\000\040\000o\000f\000\040\000t\000h\000i\000s\000\040\000r\000e\000p\000o\000r\000t}{appendix.B}% 260
\BOOKMARK [0][-]{appendix.C}{\376\377\000A\000T\000L\000A\000S\000\040\000i\000n\000p\000u\000t\000\040\000d\000e\000c\000k\000s}{}% 261
\BOOKMARK [1][-]{section.C.1}{\376\377\000T\000h\000e\000\040\000d\000e\000c\000k\000\040\000s\000e\000t}{appendix.C}% 262
\BOOKMARK [1][-]{section.C.2}{\376\377\000A\000n\000a\000t\000o\000m\000y\000\040\000o\000f\000\040\000a\000\040\000V\0001\000\040\000d\000e\000c\000k}{appendix.C}% 263
\BOOKMARK [1][-]{section.C.3}{\376\377\000P\000a\000r\000a\000m\000e\000t\000e\000r\000\040\000l\000i\000n\000e\000s\000\040\000t\000h\000a\000t\000\040\000d\000i\000f\000f\000e\000r\000\040\000b\000e\000t\000w\000e\000e\000n\000\040\000t\000h\000e\000\040\000d\000e\000c\000k\000s}{appendix.C}% 264
\BOOKMARK [1][-]{section.C.4}{\376\377\000D\000e\000c\000k\000\040\000l\000i\000s\000t\000i\000n\000g\000s}{appendix.C}% 265
\BOOKMARK [2][-]{subsection.C.4.1}{\376\377\000r\000u\000n\000\137\0000\0000\0003\0008\000:\000\040\000f\000i\000n\000a\000l\000\040\0002\000\040\000n\000m\000\040\000d\000e\000c\000k}{section.C.4}% 266
\BOOKMARK [2][-]{subsection.C.4.2}{\376\377\000r\000u\000n\000\137\0000\0000\0003\0009\000:\000\040\000f\000i\000n\000a\000l\000\040\000t\000u\000n\000e\000d\000\040\0006\000.\0003\000\040\000n\000m\000\040\000d\000e\000c\000k}{section.C.4}% 267
\BOOKMARK [2][-]{subsection.C.4.3}{\376\377\000r\000u\000n\000\137\0000\0000\0004\0000\000:\000\040\000f\000i\000n\000a\000l\000\040\0001\0003\000.\0002\000\040\000n\000m\000\040\000d\000e\000c\000k}{section.C.4}% 268
\BOOKMARK [2][-]{subsection.C.4.4}{\376\377\000r\000u\000n\000\137\0000\0000\0001\0004\000:\000\040\0006\000.\0003\000\040\000n\000m\000\040\000h\000e\000l\000d\000-\000o\000u\000t\000\040\000t\000e\000s\000t\000\040\000w\000i\000t\000h\000\040\000s\000h\000a\000r\000e\000d\000\040\000p\000a\000r\000a\000m\000e\000t\000e\000r\000s}{section.C.4}% 269
\BOOKMARK [2][-]{subsection.C.4.5}{\376\377\000r\000u\000n\000\137\0000\0000\0001\0005\000:\000\040\0006\000.\0003\000\040\000n\000m\000\040\000d\000e\000v\000i\000c\000e\000-\000s\000p\000e\000c\000i\000f\000i\000c\000\040\000t\000u\000n\000i\000n\000g}{section.C.4}% 270
\BOOKMARK [2][-]{subsection.C.4.6}{\376\377\000r\000u\000n\000\137\0000\0000\0003\0000\000:\000\040\000h\000y\000p\000o\000t\000h\000e\000s\000i\000s\000\040\000A\0003\000,\000\040\000b\000a\000c\000k\000-\000s\000u\000r\000f\000a\000c\000e\000\040\000c\000h\000a\000r\000g\000e}{section.C.4}% 271
\BOOKMARK [2][-]{subsection.C.4.7}{\376\377\000r\000u\000n\000\137\0000\0000\0003\0004\000:\000\040\000h\000y\000p\000o\000t\000h\000e\000s\000i\000s\000\040\000A\0006\000,\000\040\000n\000o\000\040\000c\000o\000n\000f\000i\000n\000e\000m\000e\000n\000t}{section.C.4}% 272
\BOOKMARK [2][-]{subsection.C.4.8}{\376\377\000r\000u\000n\000\137\0000\0000\0003\0007\000:\000\040\000B\0000\000,\000\040\000t\000r\000a\000p\000/\000m\000o\000b\000i\000l\000i\000t\000y\000\040\000r\000e\000-\000p\000a\000r\000t\000i\000t\000i\000o\000n}{section.C.4}% 273
\BOOKMARK [2][-]{subsection.C.4.9}{\376\377\000r\000u\000n\000\137\0000\0000\0005\0002\000:\000\040\000C\0001\000,\000\040\000n\000e\000a\000r\000-\000E\000c\000\040\000a\000c\000c\000e\000p\000t\000o\000r\000\040\000b\000a\000n\000d}{section.C.4}% 274
\BOOKMARK [2][-]{subsection.C.4.10}{\376\377\000r\000u\000n\000\137\0000\0000\0004\0001\000:\000\040\000p\000r\000e\000d\000i\000c\000t\000i\000o\000n\000\040\000o\000f\000\040\000t\000h\000e\000\040\0002\000\040\000n\000m\000\040\000o\000u\000t\000p\000u\000t\000\040\000c\000h\000a\000r\000a\000c\000t\000e\000r\000i\000s\000t\000i\000c\000s}{section.C.4}% 275
\BOOKMARK [2][-]{subsection.C.4.11}{\376\377\000r\000u\000n\000\137\0000\0000\0004\0005\000:\000\040\000p\000r\000e\000d\000i\000c\000t\000i\000o\000n\000\040\000o\000f\000\040\000t\000h\000e\000\040\0002\000\040\000n\000m\000\040\000t\000r\000a\000n\000s\000f\000e\000r\000\040\000c\000u\000r\000v\000e\000\040\000a\000t\000\040\0003\0005\0008\000.\0001\0005\000\040\000K}{section.C.4}% 276
\BOOKMARK [1][-]{section.C.5}{\376\377\000C\000o\000n\000f\000i\000g\000u\000r\000a\000t\000i\000o\000n\000\040\000f\000i\000l\000e\000s}{appendix.C}% 277
\BOOKMARK [2][-]{subsection.C.5.1}{\376\377\000c\000o\000n\000f\000i\000g\000/\000i\000w\000o\000\137\000m\000a\000t\000e\000r\000i\000a\000l\000\137\000m\000o\000d\000e\000l\000.\000y\000a\000m\000l}{section.C.5}% 278
\BOOKMARK [2][-]{subsection.C.5.2}{\376\377\000c\000o\000n\000f\000i\000g\000/\000g\000e\000o\000m\000e\000t\000r\000y\000.\000y\000a\000m\000l}{section.C.5}% 279
\BOOKMARK [2][-]{subsection.C.5.3}{\376\377\000c\000o\000n\000f\000i\000g\000/\000s\000o\000l\000v\000e\000r\000.\000y\000a\000m\000l}{section.C.5}% 280
\BOOKMARK [2][-]{subsection.C.5.4}{\376\377\000c\000o\000n\000f\000i\000g\000/\000c\000a\000m\000p\000a\000i\000g\000n\000\137\000A\000\137\0006\000p\0003\000\137\000h\000y\000p\000o\000t\000h\000e\000s\000e\000s\000.\000j\000s\000o\000n}{section.C.5}% 281
\BOOKMARK [2][-]{subsection.C.5.5}{\376\377\000c\000o\000n\000f\000i\000g\000/\000c\000a\000m\000p\000a\000i\000g\000n\000\137\000B\000\137\000r\000e\000c\000a\000l\000\137\000p\000r\000e\000d\000i\000c\000t\000i\000o\000n\000s\000.\000j\000s\000o\000n}{section.C.5}% 282
\BOOKMARK [2][-]{subsection.C.5.6}{\376\377\000c\000o\000n\000f\000i\000g\000/\000c\000a\000m\000p\000a\000i\000g\000n\000\137\000C\000\137\0006\000p\0003\000\137\000n\000e\000a\000r\000E\000c\000\137\000b\000a\000n\000d\000.\000j\000s\000o\000n}{section.C.5}% 283
\BOOKMARK [0][-]{appendix.D}{\376\377\000P\000r\000e\000d\000i\000c\000t\000i\000o\000n\000\040\000r\000e\000g\000i\000s\000t\000e\000r\000:\000\040\000f\000i\000l\000e\000s\000\040\000a\000n\000d\000\040\000h\000a\000s\000h\000e\000s}{}% 284
\BOOKMARK [0][-]{appendix.E}{\376\377\000R\000e\000p\000r\000o\000d\000u\000c\000i\000b\000i\000l\000i\000t\000y}{}% 285
\BOOKMARK [1][-]{section.E.1}{\376\377\000S\000o\000f\000t\000w\000a\000r\000e\000\040\000e\000n\000v\000i\000r\000o\000n\000m\000e\000n\000t}{appendix.E}% 286
\BOOKMARK [1][-]{section.E.2}{\376\377\000R\000e\000g\000e\000n\000e\000r\000a\000t\000i\000n\000g\000\040\000t\000h\000e\000\040\000s\000i\000m\000u\000l\000a\000t\000i\000o\000n\000\040\000c\000a\000m\000p\000a\000i\000g\000n\000s}{appendix.E}% 287
\BOOKMARK [1][-]{section.E.3}{\376\377\000R\000e\000g\000e\000n\000e\000r\000a\000t\000i\000n\000g\000\040\000t\000h\000e\000\040\000a\000n\000a\000l\000y\000s\000i\000s\000,\000\040\000t\000h\000e\000\040\000f\000i\000g\000u\000r\000e\000s\000\040\000a\000n\000d\000\040\000t\000h\000e\000\040\000r\000e\000p\000o\000r\000t}{appendix.E}% 288
\BOOKMARK [1][-]{section.E.4}{\376\377\000L\000a\000u\000n\000c\000h\000\040\000b\000u\000d\000g\000e\000t}{appendix.E}% 289
\BOOKMARK [1][-]{section.E.5}{\376\377\000F\000i\000l\000e\000\040\000m\000a\000p\000\040\000o\000f\000\040\000t\000h\000e\000\040\000a\000r\000c\000h\000i\000v\000e}{appendix.E}% 290
\BOOKMARK [1][-]{section.E.6}{\376\377\000S\000H\000A\000-\0002\0005\0006\000\040\000o\000f\000\040\000t\000h\000e\000\040\000d\000a\000t\000a\000\040\000f\000i\000l\000e\000s}{appendix.E}% 291
\BOOKMARK [1][-]{section.E.7}{\376\377\000I\000n\000t\000e\000g\000r\000i\000t\000y\000\040\000r\000u\000l\000e\000s}{appendix.E}% 292
\BOOKMARK [0][-]{section*.502}{\376\377\000B\000i\000b\000l\000i\000o\000g\000r\000a\000p\000h\000y}{}% 293
