[1791246547.780735] [b9p06p6732:1845 :0]        ib_iface.c:1376 UCX  ERROR bnxt_re0: ibv_create_cq(cqe=256) failed: Input/output error
[1791246547.780826] [b9p06p6732:1845 :0]      ucp_worker.c:1492 UCX  ERROR uct_iface_open(ud_verbs/bnxt_re0:1) failed: Input/output error
[b9p06p6732.cern.ch:01845] pml_ucx.c:319  Error: Failed to create UCP worker

     Program AVERAGE v.7.5 starts on  6Oct2026 at  2:29: 7 

     This program is part of the open-source Quantum ESPRESSO suite
     for quantum simulation of materials; please cite
         "P. Giannozzi et al., J. Phys.:Condens. Matter 21 395502 (2009);
         "P. Giannozzi et al., J. Phys.:Condens. Matter 29 465901 (2017);
         "P. Giannozzi et al., J. Chem. Phys. 152 154105 (2020);
          URL http://www.quantum-espresso.org", 
     in publications or presentations arising from this work. More details at
     http://www.quantum-espresso.org/quote

     Parallel version (MPI & OpenMP), running on       1 processor cores
     Number of MPI processes:                 1
     Threads/MPI process:                     1

     MPI processes distributed on     1 nodes
     100365 MiB available memory on the printing compute node when the environment starts

     Reading header from file  iwo_slab2_final_cpu_v.pp
     Reading data from file  iwo_slab2_final_cpu_v.pp
     Output written to file avg.dat

     AVERAGE      :      6.77s CPU      6.99s WALL


   This run was terminated on:   2:29:14   6Oct2026            

=------------------------------------------------------------------------------=
   JOB DONE.
=------------------------------------------------------------------------------=
Note: The following floating-point exceptions are signalling: IEEE_INVALID_FLAG
