
     Program POST-PROC v.7.5 starts on  5Oct2026 at  1:33:19 

     This program is part of the open-source Quantum ESPRESSO suite
     for quantum simulation of materials; please cite
         "P. Giannozzi et al., J. Phys.:Condens. Matter 21 395502 (2009);
         "P. Giannozzi et al., J. Phys.:Condens. Matter 29 465901 (2017);
         "P. Giannozzi et al., J. Chem. Phys. 152 154105 (2020);
          URL http://www.quantum-espresso.org", 
     in publications or presentations arising from this work. More details at
     http://www.quantum-espresso.org/quote

     Parallel version (MPI & OpenMP), running on      24 processor cores
     Number of MPI processes:                24
     Threads/MPI process:                     1

     MPI processes distributed on     1 nodes
     R & G space division:  proc/nbgrp/npool/nimage =      24
     140406 MiB available memory on the printing compute node when the environment starts


     Reading xml data from directory:

     ./tmp/slab.save/
     file In.pbe-dn-kjpaw_psl.1.0.0.UPF: wavefunction(s)  5S 5P 4D renormalized
     file O.pbe-n-kjpaw_psl.1.0.0.UPF: wavefunction(s)  2S 2P renormalized
     file H.pbe-kjpaw_psl.1.0.0.UPF: wavefunction(s)  1S renormalized

     IMPORTANT: XC functional enforced from input :
     Exchange-correlation= PBE
                           (   1   4   3   4   0   0   0)
     Any further DFT definition will be discarded
     Please, verify this is what you really want


     Parallelization info
     --------------------
     sticks:   dense  smooth     PW     G-vecs:    dense   smooth      PW
     Min         714     357     92               308866   109195   14398
     Max         715     358     93               308887   109214   14423
     Sum       17157    8585   2225              7413139  2620949  345857

     Using Slab Decomposition


     negative rho (up, down):  2.107E-03 0.000E+00

     Calling punch_plot, plot_num =  11
     Writing data to file  slab2r_final_cpu_v.pp
     Message from routine chdens:
     namelist plot not found or invalid, exiting

     POST-PROC    :     24.25s CPU     25.50s WALL


   This run was terminated on:   1:33:44   5Oct2026            

=------------------------------------------------------------------------------=
   JOB DONE.
=------------------------------------------------------------------------------=
