
     Program POST-PROC v.7.5 starts on  6Oct2026 at  3:46:30 

     This program is part of the open-source Quantum ESPRESSO suite
     for quantum simulation of materials; please cite
         "P. Giannozzi et al., J. Phys.:Condens. Matter 21 395502 (2009);
         "P. Giannozzi et al., J. Phys.:Condens. Matter 29 465901 (2017);
         "P. Giannozzi et al., J. Chem. Phys. 152 154105 (2020);
          URL http://www.quantum-espresso.org", 
     in publications or presentations arising from this work. More details at
     http://www.quantum-espresso.org/quote

     Parallel version (MPI & OpenMP), running on      11 processor cores
     Number of MPI processes:                11
     Threads/MPI process:                     1

     MPI processes distributed on     1 nodes
     R & G space division:  proc/nbgrp/npool/nimage =      11
     83675 MiB available memory on the printing compute node when the environment starts


     Reading xml data from directory:

     ./tmp/slab.save/
     file In.pbe-dn-kjpaw_psl.1.0.0.UPF: wavefunction(s)  5S 5P 4D renormalized
     file O.pbe-n-kjpaw_psl.1.0.0.UPF: wavefunction(s)  2S 2P renormalized
     file H.pbe-kjpaw_psl.1.0.0.UPF: wavefunction(s)  1S renormalized

     IMPORTANT: XC functional enforced from input :
     Exchange-correlation= PBE
                           (   1   4   3   4   0   0   0)
     Any further DFT definition will be discarded
     Please, verify this is what you really want


     Parallelization info
     --------------------
     sticks:   dense  smooth     PW     G-vecs:    dense   smooth      PW
     Min        1571     786    203               452195   159880   21087
     Max        1572     787    204               452204   159891   21089
     Sum       17287    8649   2237              4974197  1758717  231971

     Using Slab Decomposition


     negative rho (up, down):  1.244E-03 0.000E+00

     Calling punch_plot, plot_num =  11
     Writing data to file  slabL1_relax_v2_v.pp
     Message from routine chdens:
     namelist plot not found or invalid, exiting

     POST-PROC    :      9.32s CPU     10.08s WALL


   This run was terminated on:   3:46:40   6Oct2026            

=------------------------------------------------------------------------------=
   JOB DONE.
=------------------------------------------------------------------------------=
