
     Program AVERAGE v.7.5 starts on  4Oct2026 at  3:37: 6 

     This program is part of the open-source Quantum ESPRESSO suite
     for quantum simulation of materials; please cite
         "P. Giannozzi et al., J. Phys.:Condens. Matter 21 395502 (2009);
         "P. Giannozzi et al., J. Phys.:Condens. Matter 29 465901 (2017);
         "P. Giannozzi et al., J. Chem. Phys. 152 154105 (2020);
          URL http://www.quantum-espresso.org", 
     in publications or presentations arising from this work. More details at
     http://www.quantum-espresso.org/quote

     Parallel version (MPI & OpenMP), running on       1 processor cores
     Number of MPI processes:                 1
     Threads/MPI process:                     1

     MPI processes distributed on     1 nodes
     151380 MiB available memory on the printing compute node when the environment starts

     Reading header from file  slab2_relax_c2_v.pp
     Reading data from file  slab2_relax_c2_v.pp
     Output written to file avg.dat

     AVERAGE      :      4.22s CPU      4.41s WALL


   This run was terminated on:   3:37:11   4Oct2026            

=------------------------------------------------------------------------------=
   JOB DONE.
=------------------------------------------------------------------------------=
Note: The following floating-point exceptions are signalling: IEEE_INVALID_FLAG
